// Jest Snapshot v1, https://goo.gl/fbAQLP

exports[`Gap[snapshot] Snapshot test: Gap[site/pages/components/Gap/example-1-base.tsx] 1`] = `
<div>
  <div>
    <div>
      <span>
        Tag
      </span>
      0
    </div>
  </div>
  <div>
    <div>
      <span>
        Tag
      </span>
      1
    </div>
  </div>
  <div>
    <div>
      <span>
        Tag
      </span>
      2
    </div>
  </div>
  <div>
    <div>
      <span>
        Tag
      </span>
      3
    </div>
  </div>
  <div>
    <div>
      <span>
        Tag
      </span>
      4
    </div>
  </div>
  <div>
    <div>
      <span>
        Tag
      </span>
      5
    </div>
  </div>
  <div>
    <div>
      <span>
        Tag
      </span>
      6
    </div>
  </div>
  <div>
    <div>
      <span>
        Tag
      </span>
      7
    </div>
  </div>
  <div>
    <div>
      <span>
        Tag
      </span>
      8
    </div>
  </div>
  <div>
    <div>
      <span>
        Tag
      </span>
      9
    </div>
  </div>
</div>
`;

exports[`Gap[snapshot] Snapshot test: Gap[site/pages/components/Gap/example-2-custom.tsx] 1`] = `
<div>
  <div>
    <div>
      <span>
        Tag
      </span>
      0
    </div>
  </div>
  <div>
    <div>
      <span>
        Tag
      </span>
      1
    </div>
  </div>
  <div>
    <div>
      <span>
        Tag
      </span>
      2
    </div>
  </div>
  <div>
    <div>
      <span>
        Tag
      </span>
      3
    </div>
  </div>
  <div>
    <div>
      <span>
        Tag
      </span>
      4
    </div>
  </div>
  <div>
    <div>
      <span>
        Tag
      </span>
      5
    </div>
  </div>
  <div>
    <div>
      <span>
        Tag
      </span>
      6
    </div>
  </div>
  <div>
    <div>
      <span>
        Tag
      </span>
      7
    </div>
  </div>
  <div>
    <div>
      <span>
        Tag
      </span>
      8
    </div>
  </div>
  <div>
    <div>
      <span>
        Tag
      </span>
      9
    </div>
  </div>
</div>
`;
