// Jest Snapshot v1, https://goo.gl/fbAQLP

exports[`Table[Fixed-Columns] shoul only fixed right columns 1`] = `
"<ShineoutTable fixed=\\"x\\" keygen=\\"id\\" width={1500} columns={{...}} data={{...}}>
  <_class fixed=\\"x\\" keygen=\\"id\\" width={1500} data={{...}} onChange={[undefined]} columns={{...}} sorter={{...}} onSortChange={[Function: bound handleSortChange]} initValidate={false}>
    <Table fixed=\\"x\\" keygen=\\"id\\" width={1500} data={{...}} onChange={[undefined]} columns={{...}} sorter={{...}} onSortChange={[Function: bound handleSortChange]} initValidate={false} datum={{...}} className=\\"\\" size=\\"default\\" style={{...}} type=\\"default\\" hover={true} rowsInView={20} verticalAlign=\\"top\\">
      <div className=\\"so-table so-table-default so-table-hover so-table-fixed so-table-vertical-top\\" style={{...}}>
        <SeperateTable keygen=\\"id\\" onChange={[undefined]} sorter={{...}} onSortChange={[Function: bound handleSortChange]} initValidate={false} datum={{...}} className=\\"\\" type=\\"default\\" rowsInView={9999} fixed=\\"x\\" loading={[undefined]} height={[undefined]} width={1500} data={{...}} columns={{...}} scrollLeft={0} striped={[undefined]} rowHeight={40}>
          <div className=\\"so-table-head so-table-float-right\\">
            <table style={{...}}>
              <Colgroup colgroup={{...}} columns={{...}}>
                <colgroup>
                  <col style={{...}} />
                  <col style={{...}} />
                  <col style={{...}} />
                  <col style={{...}} />
                  <col style={{...}} />
                  <col style={{...}} />
                  <col style={{...}} />
                </colgroup>
              </Colgroup>
              <Thead keygen=\\"id\\" onChange={[undefined]} sorter={{...}} onSortChange={[Function: bound handleSortChange]} initValidate={false} datum={{...}} className=\\"\\" type=\\"default\\" rowsInView={9999} fixed=\\"x\\" loading={[undefined]} height={[undefined]} width={1500} data={{...}} columns={{...}} scrollLeft={0} striped={[undefined]} rowHeight={40} showSelectAll={true}>
                <thead>
                  <tr>
                    <th className=\\"\\" rowSpan={2}>
                      id
                    </th>
                    <th className=\\"\\" rowSpan={2}>
                      Name
                    </th>
                    <th className=\\"\\" rowSpan={2}>
                      Country
                    </th>
                    <th className=\\"\\" rowSpan={2}>
                      Position
                    </th>
                    <th className=\\"\\" rowSpan={2}>
                      Office
                    </th>
                    <th className=\\"so-table-center so-table-condensed so-table-fixed-right so-table-fixed-first\\" colSpan={2} style={[undefined]}>
                      Start Time
                    </th>
                  </tr>
                  <tr>
                    <th className=\\"so-table-condensed so-table-fixed-right so-table-fixed-first\\" rowSpan={1}>
                      Date
                    </th>
                    <th className=\\"so-table-condensed so-table-fixed-right\\" rowSpan={1}>
                      Time
                    </th>
                  </tr>
                </thead>
              </Thead>
            </table>
          </div>
          <_class scrollTop={0} scroll=\\"x\\" scrollHeight={200} scrollWidth={1500} onScroll={[Function: bound handleScroll]} className=\\"so-table-body so-table-float-right\\">
            <Scroll scrollTop={0} scroll=\\"x\\" scrollHeight={200} scrollWidth={1500} onScroll={[Function: bound handleScroll]} className=\\"so-table-body so-table-float-right\\" left={0} top={0} scrollX={true} scrollY={false} size=\\"default\\" style={{...}} type=\\"default\\">
              <div onWheel={[Function: bound handleWheel]} style={{...}} className=\\"so-scroll so-scroll-show-x so-table-body so-table-float-right\\">
                <iframe title=\\"scroll\\" className=\\"so-scroll-iframe\\" />
                <div className=\\"so-scroll-iframe\\" />
                <div className=\\"so-scroll-inner\\">
                  <div className=\\"so-table-scroll-inner\\" style={{...}}>
                    <div style={{...}} />
                    <table style={{...}}>
                      <Colgroup colgroup={{...}} columns={{...}}>
                        <colgroup>
                          <col style={{...}} />
                          <col style={{...}} />
                          <col style={{...}} />
                          <col style={{...}} />
                          <col style={{...}} />
                          <col style={{...}} />
                          <col style={{...}} />
                        </colgroup>
                      </Colgroup>
                      <Tbody keygen=\\"id\\" onChange={[undefined]} sorter={{...}} onSortChange={[Function: bound handleSortChange]} initValidate={false} datum={{...}} className=\\"\\" type=\\"default\\" loading={[undefined]} height={[undefined]} scrollLeft={0} striped={[undefined]} columns={{...}} onBodyRender={[Function: bound handleColgroup]} index={0} offsetLeft={[undefined]} offsetRight={[undefined]} data={{...}} setRowHeight={[Function: bound setRowHeight]} hasNotRenderRows={false}>
                        <tbody>
                          <ShineoutTr onChange={[undefined]} onSortChange={[Function: bound handleSortChange]} initValidate={false} datum={{...}} className=\\"\\" type=\\"default\\" loading={[undefined]} height={[undefined]} scrollLeft={0} striped={[undefined]} onBodyRender={[Function: bound handleColgroup]} offsetLeft={[undefined]} offsetRight={[undefined]} setRowHeight={[Function: bound setRowHeight]} hasNotRenderRows={false} index={0} data={{...}} rowData={{...}} columns={{...}} rowKey={0} onExpand={[Function: bound handleExpand]} expandRender={[undefined]}>
                            <tr onClick={[Function: bound handleRowClick]} className=\\"so-table-normal\\">
                              <Td onChange={[undefined]} onSortChange={[Function: bound handleSortChange]} initValidate={false} datum={{...}} className={[undefined]} type={[undefined]} loading={[undefined]} height={[undefined]} scrollLeft={0} onBodyRender={[Function: bound handleColgroup]} setRowHeight={[Function: bound setRowHeight]} rowKey={0} onExpand={[Function: bound handleExpand]} expanded={false} expandClick={[undefined]} style={{...}} fixed=\\"\\" firstFixed={[undefined]} lastFixed={[undefined]} render=\\"id\\" index={0} data={{...}} expandKeys={[undefined]} colSpan={1}>
                                <td style={{...}} className=\\"\\" rowSpan={[undefined]} colSpan={1}>
                                  0
                                </td>
                              </Td>
                              <Td onChange={[undefined]} onSortChange={[Function: bound handleSortChange]} initValidate={false} datum={{...}} className={[undefined]} type={[undefined]} loading={[undefined]} height={[undefined]} scrollLeft={0} onBodyRender={[Function: bound handleColgroup]} setRowHeight={[Function: bound setRowHeight]} rowKey={0} onExpand={[Function: bound handleExpand]} expanded={false} expandClick={[undefined]} style={{...}} fixed=\\"\\" firstFixed={[undefined]} lastFixed={[undefined]} render={[Function: render]} index={0} data={{...}} expandKeys={[undefined]} colSpan={1}>
                                <td style={{...}} className=\\"\\" rowSpan={[undefined]} colSpan={1}>
                                  firstName lastName
                                </td>
                              </Td>
                              <Td onChange={[undefined]} onSortChange={[Function: bound handleSortChange]} initValidate={false} datum={{...}} className={[undefined]} type={[undefined]} loading={[undefined]} height={[undefined]} scrollLeft={0} onBodyRender={[Function: bound handleColgroup]} setRowHeight={[Function: bound setRowHeight]} rowKey={0} onExpand={[Function: bound handleExpand]} expanded={false} expandClick={[undefined]} style={{...}} fixed=\\"\\" firstFixed={[undefined]} lastFixed={[undefined]} render=\\"country\\" index={0} data={{...}} expandKeys={[undefined]} colSpan={1}>
                                <td style={{...}} className=\\"\\" rowSpan={[undefined]} colSpan={1}>
                                  country
                                </td>
                              </Td>
                              <Td onChange={[undefined]} onSortChange={[Function: bound handleSortChange]} initValidate={false} datum={{...}} className={[undefined]} type={[undefined]} loading={[undefined]} height={[undefined]} scrollLeft={0} onBodyRender={[Function: bound handleColgroup]} setRowHeight={[Function: bound setRowHeight]} rowKey={0} onExpand={[Function: bound handleExpand]} expanded={false} expandClick={[undefined]} style={{...}} fixed=\\"\\" firstFixed={[undefined]} lastFixed={[undefined]} render=\\"position\\" index={0} data={{...}} expandKeys={[undefined]} colSpan={1}>
                                <td style={{...}} className=\\"\\" rowSpan={[undefined]} colSpan={1}>
                                  position
                                </td>
                              </Td>
                              <Td onChange={[undefined]} onSortChange={[Function: bound handleSortChange]} initValidate={false} datum={{...}} className={[undefined]} type={[undefined]} loading={[undefined]} height={[undefined]} scrollLeft={0} onBodyRender={[Function: bound handleColgroup]} setRowHeight={[Function: bound setRowHeight]} rowKey={0} onExpand={[Function: bound handleExpand]} expanded={false} expandClick={[undefined]} style={{...}} fixed=\\"\\" firstFixed={[undefined]} lastFixed={[undefined]} render=\\"office\\" index={0} data={{...}} expandKeys={[undefined]} colSpan={1}>
                                <td style={{...}} className=\\"\\" rowSpan={[undefined]} colSpan={1}>
                                  office
                                </td>
                              </Td>
                              <Td onChange={[undefined]} onSortChange={[Function: bound handleSortChange]} initValidate={false} datum={{...}} className={[undefined]} type={[undefined]} loading={[undefined]} height={[undefined]} scrollLeft={0} onBodyRender={[Function: bound handleColgroup]} setRowHeight={[Function: bound setRowHeight]} rowKey={0} onExpand={[Function: bound handleExpand]} expanded={false} expandClick={[undefined]} style={{...}} fixed=\\"right\\" firstFixed={true} lastFixed={[undefined]} render=\\"start\\" index={0} data={{...}} expandKeys={[undefined]} colSpan={1}>
                                <td style={{...}} className=\\"so-table-fixed-right so-table-fixed-first\\" rowSpan={[undefined]} colSpan={1}>
                                  start
                                </td>
                              </Td>
                              <Td onChange={[undefined]} onSortChange={[Function: bound handleSortChange]} initValidate={false} datum={{...}} className={[undefined]} type={[undefined]} loading={[undefined]} height={[undefined]} scrollLeft={0} onBodyRender={[Function: bound handleColgroup]} setRowHeight={[Function: bound setRowHeight]} rowKey={0} onExpand={[Function: bound handleExpand]} expanded={false} expandClick={[undefined]} style={{...}} fixed=\\"right\\" firstFixed={[undefined]} lastFixed={[undefined]} render=\\"time\\" index={0} data={{...}} expandKeys={[undefined]} colSpan={1}>
                                <td style={{...}} className=\\"so-table-fixed-right\\" rowSpan={[undefined]} colSpan={1} />
                              </Td>
                            </tr>
                          </ShineoutTr>
                          <ShineoutTr onChange={[undefined]} onSortChange={[Function: bound handleSortChange]} initValidate={false} datum={{...}} className=\\"\\" type=\\"default\\" loading={[undefined]} height={[undefined]} scrollLeft={0} striped={[undefined]} onBodyRender={[Function: bound handleColgroup]} offsetLeft={[undefined]} offsetRight={[undefined]} setRowHeight={[Function: bound setRowHeight]} hasNotRenderRows={false} index={1} data={{...}} rowData={{...}} columns={{...}} rowKey={1} onExpand={[Function: bound handleExpand]} expandRender={[undefined]}>
                            <tr onClick={[Function: bound handleRowClick]} className=\\"so-table-normal\\">
                              <Td onChange={[undefined]} onSortChange={[Function: bound handleSortChange]} initValidate={false} datum={{...}} className={[undefined]} type={[undefined]} loading={[undefined]} height={[undefined]} scrollLeft={0} onBodyRender={[Function: bound handleColgroup]} setRowHeight={[Function: bound setRowHeight]} rowKey={1} onExpand={[Function: bound handleExpand]} expanded={false} expandClick={[undefined]} style={{...}} fixed=\\"\\" firstFixed={[undefined]} lastFixed={[undefined]} render=\\"id\\" index={1} data={{...}} expandKeys={[undefined]} colSpan={1}>
                                <td style={{...}} className=\\"\\" rowSpan={[undefined]} colSpan={1}>
                                  1
                                </td>
                              </Td>
                              <Td onChange={[undefined]} onSortChange={[Function: bound handleSortChange]} initValidate={false} datum={{...}} className={[undefined]} type={[undefined]} loading={[undefined]} height={[undefined]} scrollLeft={0} onBodyRender={[Function: bound handleColgroup]} setRowHeight={[Function: bound setRowHeight]} rowKey={1} onExpand={[Function: bound handleExpand]} expanded={false} expandClick={[undefined]} style={{...}} fixed=\\"\\" firstFixed={[undefined]} lastFixed={[undefined]} render={[Function: render]} index={1} data={{...}} expandKeys={[undefined]} colSpan={1}>
                                <td style={{...}} className=\\"\\" rowSpan={[undefined]} colSpan={1}>
                                  firstName lastName
                                </td>
                              </Td>
                              <Td onChange={[undefined]} onSortChange={[Function: bound handleSortChange]} initValidate={false} datum={{...}} className={[undefined]} type={[undefined]} loading={[undefined]} height={[undefined]} scrollLeft={0} onBodyRender={[Function: bound handleColgroup]} setRowHeight={[Function: bound setRowHeight]} rowKey={1} onExpand={[Function: bound handleExpand]} expanded={false} expandClick={[undefined]} style={{...}} fixed=\\"\\" firstFixed={[undefined]} lastFixed={[undefined]} render=\\"country\\" index={1} data={{...}} expandKeys={[undefined]} colSpan={1}>
                                <td style={{...}} className=\\"\\" rowSpan={[undefined]} colSpan={1}>
                                  country
                                </td>
                              </Td>
                              <Td onChange={[undefined]} onSortChange={[Function: bound handleSortChange]} initValidate={false} datum={{...}} className={[undefined]} type={[undefined]} loading={[undefined]} height={[undefined]} scrollLeft={0} onBodyRender={[Function: bound handleColgroup]} setRowHeight={[Function: bound setRowHeight]} rowKey={1} onExpand={[Function: bound handleExpand]} expanded={false} expandClick={[undefined]} style={{...}} fixed=\\"\\" firstFixed={[undefined]} lastFixed={[undefined]} render=\\"position\\" index={1} data={{...}} expandKeys={[undefined]} colSpan={1}>
                                <td style={{...}} className=\\"\\" rowSpan={[undefined]} colSpan={1}>
                                  position
                                </td>
                              </Td>
                              <Td onChange={[undefined]} onSortChange={[Function: bound handleSortChange]} initValidate={false} datum={{...}} className={[undefined]} type={[undefined]} loading={[undefined]} height={[undefined]} scrollLeft={0} onBodyRender={[Function: bound handleColgroup]} setRowHeight={[Function: bound setRowHeight]} rowKey={1} onExpand={[Function: bound handleExpand]} expanded={false} expandClick={[undefined]} style={{...}} fixed=\\"\\" firstFixed={[undefined]} lastFixed={[undefined]} render=\\"office\\" index={1} data={{...}} expandKeys={[undefined]} colSpan={1}>
                                <td style={{...}} className=\\"\\" rowSpan={[undefined]} colSpan={1}>
                                  office
                                </td>
                              </Td>
                              <Td onChange={[undefined]} onSortChange={[Function: bound handleSortChange]} initValidate={false} datum={{...}} className={[undefined]} type={[undefined]} loading={[undefined]} height={[undefined]} scrollLeft={0} onBodyRender={[Function: bound handleColgroup]} setRowHeight={[Function: bound setRowHeight]} rowKey={1} onExpand={[Function: bound handleExpand]} expanded={false} expandClick={[undefined]} style={{...}} fixed=\\"right\\" firstFixed={true} lastFixed={[undefined]} render=\\"start\\" index={1} data={{...}} expandKeys={[undefined]} colSpan={1}>
                                <td style={{...}} className=\\"so-table-fixed-right so-table-fixed-first\\" rowSpan={[undefined]} colSpan={1}>
                                  start
                                </td>
                              </Td>
                              <Td onChange={[undefined]} onSortChange={[Function: bound handleSortChange]} initValidate={false} datum={{...}} className={[undefined]} type={[undefined]} loading={[undefined]} height={[undefined]} scrollLeft={0} onBodyRender={[Function: bound handleColgroup]} setRowHeight={[Function: bound setRowHeight]} rowKey={1} onExpand={[Function: bound handleExpand]} expanded={false} expandClick={[undefined]} style={{...}} fixed=\\"right\\" firstFixed={[undefined]} lastFixed={[undefined]} render=\\"time\\" index={1} data={{...}} expandKeys={[undefined]} colSpan={1}>
                                <td style={{...}} className=\\"so-table-fixed-right\\" rowSpan={[undefined]} colSpan={1} />
                              </Td>
                            </tr>
                          </ShineoutTr>
                          <ShineoutTr onChange={[undefined]} onSortChange={[Function: bound handleSortChange]} initValidate={false} datum={{...}} className=\\"\\" type=\\"default\\" loading={[undefined]} height={[undefined]} scrollLeft={0} striped={[undefined]} onBodyRender={[Function: bound handleColgroup]} offsetLeft={[undefined]} offsetRight={[undefined]} setRowHeight={[Function: bound setRowHeight]} hasNotRenderRows={false} index={2} data={{...}} rowData={{...}} columns={{...}} rowKey={2} onExpand={[Function: bound handleExpand]} expandRender={[undefined]}>
                            <tr onClick={[Function: bound handleRowClick]} className=\\"so-table-normal\\">
                              <Td onChange={[undefined]} onSortChange={[Function: bound handleSortChange]} initValidate={false} datum={{...}} className={[undefined]} type={[undefined]} loading={[undefined]} height={[undefined]} scrollLeft={0} onBodyRender={[Function: bound handleColgroup]} setRowHeight={[Function: bound setRowHeight]} rowKey={2} onExpand={[Function: bound handleExpand]} expanded={false} expandClick={[undefined]} style={{...}} fixed=\\"\\" firstFixed={[undefined]} lastFixed={[undefined]} render=\\"id\\" index={2} data={{...}} expandKeys={[undefined]} colSpan={1}>
                                <td style={{...}} className=\\"\\" rowSpan={[undefined]} colSpan={1}>
                                  2
                                </td>
                              </Td>
                              <Td onChange={[undefined]} onSortChange={[Function: bound handleSortChange]} initValidate={false} datum={{...}} className={[undefined]} type={[undefined]} loading={[undefined]} height={[undefined]} scrollLeft={0} onBodyRender={[Function: bound handleColgroup]} setRowHeight={[Function: bound setRowHeight]} rowKey={2} onExpand={[Function: bound handleExpand]} expanded={false} expandClick={[undefined]} style={{...}} fixed=\\"\\" firstFixed={[undefined]} lastFixed={[undefined]} render={[Function: render]} index={2} data={{...}} expandKeys={[undefined]} colSpan={1}>
                                <td style={{...}} className=\\"\\" rowSpan={[undefined]} colSpan={1}>
                                  firstName lastName
                                </td>
                              </Td>
                              <Td onChange={[undefined]} onSortChange={[Function: bound handleSortChange]} initValidate={false} datum={{...}} className={[undefined]} type={[undefined]} loading={[undefined]} height={[undefined]} scrollLeft={0} onBodyRender={[Function: bound handleColgroup]} setRowHeight={[Function: bound setRowHeight]} rowKey={2} onExpand={[Function: bound handleExpand]} expanded={false} expandClick={[undefined]} style={{...}} fixed=\\"\\" firstFixed={[undefined]} lastFixed={[undefined]} render=\\"country\\" index={2} data={{...}} expandKeys={[undefined]} colSpan={1}>
                                <td style={{...}} className=\\"\\" rowSpan={[undefined]} colSpan={1}>
                                  country
                                </td>
                              </Td>
                              <Td onChange={[undefined]} onSortChange={[Function: bound handleSortChange]} initValidate={false} datum={{...}} className={[undefined]} type={[undefined]} loading={[undefined]} height={[undefined]} scrollLeft={0} onBodyRender={[Function: bound handleColgroup]} setRowHeight={[Function: bound setRowHeight]} rowKey={2} onExpand={[Function: bound handleExpand]} expanded={false} expandClick={[undefined]} style={{...}} fixed=\\"\\" firstFixed={[undefined]} lastFixed={[undefined]} render=\\"position\\" index={2} data={{...}} expandKeys={[undefined]} colSpan={1}>
                                <td style={{...}} className=\\"\\" rowSpan={[undefined]} colSpan={1}>
                                  position
                                </td>
                              </Td>
                              <Td onChange={[undefined]} onSortChange={[Function: bound handleSortChange]} initValidate={false} datum={{...}} className={[undefined]} type={[undefined]} loading={[undefined]} height={[undefined]} scrollLeft={0} onBodyRender={[Function: bound handleColgroup]} setRowHeight={[Function: bound setRowHeight]} rowKey={2} onExpand={[Function: bound handleExpand]} expanded={false} expandClick={[undefined]} style={{...}} fixed=\\"\\" firstFixed={[undefined]} lastFixed={[undefined]} render=\\"office\\" index={2} data={{...}} expandKeys={[undefined]} colSpan={1}>
                                <td style={{...}} className=\\"\\" rowSpan={[undefined]} colSpan={1}>
                                  office
                                </td>
                              </Td>
                              <Td onChange={[undefined]} onSortChange={[Function: bound handleSortChange]} initValidate={false} datum={{...}} className={[undefined]} type={[undefined]} loading={[undefined]} height={[undefined]} scrollLeft={0} onBodyRender={[Function: bound handleColgroup]} setRowHeight={[Function: bound setRowHeight]} rowKey={2} onExpand={[Function: bound handleExpand]} expanded={false} expandClick={[undefined]} style={{...}} fixed=\\"right\\" firstFixed={true} lastFixed={[undefined]} render=\\"start\\" index={2} data={{...}} expandKeys={[undefined]} colSpan={1}>
                                <td style={{...}} className=\\"so-table-fixed-right so-table-fixed-first\\" rowSpan={[undefined]} colSpan={1}>
                                  start
                                </td>
                              </Td>
                              <Td onChange={[undefined]} onSortChange={[Function: bound handleSortChange]} initValidate={false} datum={{...}} className={[undefined]} type={[undefined]} loading={[undefined]} height={[undefined]} scrollLeft={0} onBodyRender={[Function: bound handleColgroup]} setRowHeight={[Function: bound setRowHeight]} rowKey={2} onExpand={[Function: bound handleExpand]} expanded={false} expandClick={[undefined]} style={{...}} fixed=\\"right\\" firstFixed={[undefined]} lastFixed={[undefined]} render=\\"time\\" index={2} data={{...}} expandKeys={[undefined]} colSpan={1}>
                                <td style={{...}} className=\\"so-table-fixed-right\\" rowSpan={[undefined]} colSpan={1} />
                              </Td>
                            </tr>
                          </ShineoutTr>
                          <ShineoutTr onChange={[undefined]} onSortChange={[Function: bound handleSortChange]} initValidate={false} datum={{...}} className=\\"\\" type=\\"default\\" loading={[undefined]} height={[undefined]} scrollLeft={0} striped={[undefined]} onBodyRender={[Function: bound handleColgroup]} offsetLeft={[undefined]} offsetRight={[undefined]} setRowHeight={[Function: bound setRowHeight]} hasNotRenderRows={false} index={3} data={{...}} rowData={{...}} columns={{...}} rowKey={3} onExpand={[Function: bound handleExpand]} expandRender={[undefined]}>
                            <tr onClick={[Function: bound handleRowClick]} className=\\"so-table-normal\\">
                              <Td onChange={[undefined]} onSortChange={[Function: bound handleSortChange]} initValidate={false} datum={{...}} className={[undefined]} type={[undefined]} loading={[undefined]} height={[undefined]} scrollLeft={0} onBodyRender={[Function: bound handleColgroup]} setRowHeight={[Function: bound setRowHeight]} rowKey={3} onExpand={[Function: bound handleExpand]} expanded={false} expandClick={[undefined]} style={{...}} fixed=\\"\\" firstFixed={[undefined]} lastFixed={[undefined]} render=\\"id\\" index={3} data={{...}} expandKeys={[undefined]} colSpan={1}>
                                <td style={{...}} className=\\"\\" rowSpan={[undefined]} colSpan={1}>
                                  3
                                </td>
                              </Td>
                              <Td onChange={[undefined]} onSortChange={[Function: bound handleSortChange]} initValidate={false} datum={{...}} className={[undefined]} type={[undefined]} loading={[undefined]} height={[undefined]} scrollLeft={0} onBodyRender={[Function: bound handleColgroup]} setRowHeight={[Function: bound setRowHeight]} rowKey={3} onExpand={[Function: bound handleExpand]} expanded={false} expandClick={[undefined]} style={{...}} fixed=\\"\\" firstFixed={[undefined]} lastFixed={[undefined]} render={[Function: render]} index={3} data={{...}} expandKeys={[undefined]} colSpan={1}>
                                <td style={{...}} className=\\"\\" rowSpan={[undefined]} colSpan={1}>
                                  firstName lastName
                                </td>
                              </Td>
                              <Td onChange={[undefined]} onSortChange={[Function: bound handleSortChange]} initValidate={false} datum={{...}} className={[undefined]} type={[undefined]} loading={[undefined]} height={[undefined]} scrollLeft={0} onBodyRender={[Function: bound handleColgroup]} setRowHeight={[Function: bound setRowHeight]} rowKey={3} onExpand={[Function: bound handleExpand]} expanded={false} expandClick={[undefined]} style={{...}} fixed=\\"\\" firstFixed={[undefined]} lastFixed={[undefined]} render=\\"country\\" index={3} data={{...}} expandKeys={[undefined]} colSpan={1}>
                                <td style={{...}} className=\\"\\" rowSpan={[undefined]} colSpan={1}>
                                  country
                                </td>
                              </Td>
                              <Td onChange={[undefined]} onSortChange={[Function: bound handleSortChange]} initValidate={false} datum={{...}} className={[undefined]} type={[undefined]} loading={[undefined]} height={[undefined]} scrollLeft={0} onBodyRender={[Function: bound handleColgroup]} setRowHeight={[Function: bound setRowHeight]} rowKey={3} onExpand={[Function: bound handleExpand]} expanded={false} expandClick={[undefined]} style={{...}} fixed=\\"\\" firstFixed={[undefined]} lastFixed={[undefined]} render=\\"position\\" index={3} data={{...}} expandKeys={[undefined]} colSpan={1}>
                                <td style={{...}} className=\\"\\" rowSpan={[undefined]} colSpan={1}>
                                  position
                                </td>
                              </Td>
                              <Td onChange={[undefined]} onSortChange={[Function: bound handleSortChange]} initValidate={false} datum={{...}} className={[undefined]} type={[undefined]} loading={[undefined]} height={[undefined]} scrollLeft={0} onBodyRender={[Function: bound handleColgroup]} setRowHeight={[Function: bound setRowHeight]} rowKey={3} onExpand={[Function: bound handleExpand]} expanded={false} expandClick={[undefined]} style={{...}} fixed=\\"\\" firstFixed={[undefined]} lastFixed={[undefined]} render=\\"office\\" index={3} data={{...}} expandKeys={[undefined]} colSpan={1}>
                                <td style={{...}} className=\\"\\" rowSpan={[undefined]} colSpan={1}>
                                  office
                                </td>
                              </Td>
                              <Td onChange={[undefined]} onSortChange={[Function: bound handleSortChange]} initValidate={false} datum={{...}} className={[undefined]} type={[undefined]} loading={[undefined]} height={[undefined]} scrollLeft={0} onBodyRender={[Function: bound handleColgroup]} setRowHeight={[Function: bound setRowHeight]} rowKey={3} onExpand={[Function: bound handleExpand]} expanded={false} expandClick={[undefined]} style={{...}} fixed=\\"right\\" firstFixed={true} lastFixed={[undefined]} render=\\"start\\" index={3} data={{...}} expandKeys={[undefined]} colSpan={1}>
                                <td style={{...}} className=\\"so-table-fixed-right so-table-fixed-first\\" rowSpan={[undefined]} colSpan={1}>
                                  start
                                </td>
                              </Td>
                              <Td onChange={[undefined]} onSortChange={[Function: bound handleSortChange]} initValidate={false} datum={{...}} className={[undefined]} type={[undefined]} loading={[undefined]} height={[undefined]} scrollLeft={0} onBodyRender={[Function: bound handleColgroup]} setRowHeight={[Function: bound setRowHeight]} rowKey={3} onExpand={[Function: bound handleExpand]} expanded={false} expandClick={[undefined]} style={{...}} fixed=\\"right\\" firstFixed={[undefined]} lastFixed={[undefined]} render=\\"time\\" index={3} data={{...}} expandKeys={[undefined]} colSpan={1}>
                                <td style={{...}} className=\\"so-table-fixed-right\\" rowSpan={[undefined]} colSpan={1} />
                              </Td>
                            </tr>
                          </ShineoutTr>
                          <ShineoutTr onChange={[undefined]} onSortChange={[Function: bound handleSortChange]} initValidate={false} datum={{...}} className=\\"\\" type=\\"default\\" loading={[undefined]} height={[undefined]} scrollLeft={0} striped={[undefined]} onBodyRender={[Function: bound handleColgroup]} offsetLeft={[undefined]} offsetRight={[undefined]} setRowHeight={[Function: bound setRowHeight]} hasNotRenderRows={false} index={4} data={{...}} rowData={{...}} columns={{...}} rowKey={4} onExpand={[Function: bound handleExpand]} expandRender={[undefined]}>
                            <tr onClick={[Function: bound handleRowClick]} className=\\"so-table-normal\\">
                              <Td onChange={[undefined]} onSortChange={[Function: bound handleSortChange]} initValidate={false} datum={{...}} className={[undefined]} type={[undefined]} loading={[undefined]} height={[undefined]} scrollLeft={0} onBodyRender={[Function: bound handleColgroup]} setRowHeight={[Function: bound setRowHeight]} rowKey={4} onExpand={[Function: bound handleExpand]} expanded={false} expandClick={[undefined]} style={{...}} fixed=\\"\\" firstFixed={[undefined]} lastFixed={[undefined]} render=\\"id\\" index={4} data={{...}} expandKeys={[undefined]} colSpan={1}>
                                <td style={{...}} className=\\"\\" rowSpan={[undefined]} colSpan={1}>
                                  4
                                </td>
                              </Td>
                              <Td onChange={[undefined]} onSortChange={[Function: bound handleSortChange]} initValidate={false} datum={{...}} className={[undefined]} type={[undefined]} loading={[undefined]} height={[undefined]} scrollLeft={0} onBodyRender={[Function: bound handleColgroup]} setRowHeight={[Function: bound setRowHeight]} rowKey={4} onExpand={[Function: bound handleExpand]} expanded={false} expandClick={[undefined]} style={{...}} fixed=\\"\\" firstFixed={[undefined]} lastFixed={[undefined]} render={[Function: render]} index={4} data={{...}} expandKeys={[undefined]} colSpan={1}>
                                <td style={{...}} className=\\"\\" rowSpan={[undefined]} colSpan={1}>
                                  firstName lastName
                                </td>
                              </Td>
                              <Td onChange={[undefined]} onSortChange={[Function: bound handleSortChange]} initValidate={false} datum={{...}} className={[undefined]} type={[undefined]} loading={[undefined]} height={[undefined]} scrollLeft={0} onBodyRender={[Function: bound handleColgroup]} setRowHeight={[Function: bound setRowHeight]} rowKey={4} onExpand={[Function: bound handleExpand]} expanded={false} expandClick={[undefined]} style={{...}} fixed=\\"\\" firstFixed={[undefined]} lastFixed={[undefined]} render=\\"country\\" index={4} data={{...}} expandKeys={[undefined]} colSpan={1}>
                                <td style={{...}} className=\\"\\" rowSpan={[undefined]} colSpan={1}>
                                  country
                                </td>
                              </Td>
                              <Td onChange={[undefined]} onSortChange={[Function: bound handleSortChange]} initValidate={false} datum={{...}} className={[undefined]} type={[undefined]} loading={[undefined]} height={[undefined]} scrollLeft={0} onBodyRender={[Function: bound handleColgroup]} setRowHeight={[Function: bound setRowHeight]} rowKey={4} onExpand={[Function: bound handleExpand]} expanded={false} expandClick={[undefined]} style={{...}} fixed=\\"\\" firstFixed={[undefined]} lastFixed={[undefined]} render=\\"position\\" index={4} data={{...}} expandKeys={[undefined]} colSpan={1}>
                                <td style={{...}} className=\\"\\" rowSpan={[undefined]} colSpan={1}>
                                  position
                                </td>
                              </Td>
                              <Td onChange={[undefined]} onSortChange={[Function: bound handleSortChange]} initValidate={false} datum={{...}} className={[undefined]} type={[undefined]} loading={[undefined]} height={[undefined]} scrollLeft={0} onBodyRender={[Function: bound handleColgroup]} setRowHeight={[Function: bound setRowHeight]} rowKey={4} onExpand={[Function: bound handleExpand]} expanded={false} expandClick={[undefined]} style={{...}} fixed=\\"\\" firstFixed={[undefined]} lastFixed={[undefined]} render=\\"office\\" index={4} data={{...}} expandKeys={[undefined]} colSpan={1}>
                                <td style={{...}} className=\\"\\" rowSpan={[undefined]} colSpan={1}>
                                  office
                                </td>
                              </Td>
                              <Td onChange={[undefined]} onSortChange={[Function: bound handleSortChange]} initValidate={false} datum={{...}} className={[undefined]} type={[undefined]} loading={[undefined]} height={[undefined]} scrollLeft={0} onBodyRender={[Function: bound handleColgroup]} setRowHeight={[Function: bound setRowHeight]} rowKey={4} onExpand={[Function: bound handleExpand]} expanded={false} expandClick={[undefined]} style={{...}} fixed=\\"right\\" firstFixed={true} lastFixed={[undefined]} render=\\"start\\" index={4} data={{...}} expandKeys={[undefined]} colSpan={1}>
                                <td style={{...}} className=\\"so-table-fixed-right so-table-fixed-first\\" rowSpan={[undefined]} colSpan={1}>
                                  start
                                </td>
                              </Td>
                              <Td onChange={[undefined]} onSortChange={[Function: bound handleSortChange]} initValidate={false} datum={{...}} className={[undefined]} type={[undefined]} loading={[undefined]} height={[undefined]} scrollLeft={0} onBodyRender={[Function: bound handleColgroup]} setRowHeight={[Function: bound setRowHeight]} rowKey={4} onExpand={[Function: bound handleExpand]} expanded={false} expandClick={[undefined]} style={{...}} fixed=\\"right\\" firstFixed={[undefined]} lastFixed={[undefined]} render=\\"time\\" index={4} data={{...}} expandKeys={[undefined]} colSpan={1}>
                                <td style={{...}} className=\\"so-table-fixed-right\\" rowSpan={[undefined]} colSpan={1} />
                              </Td>
                            </tr>
                          </ShineoutTr>
                        </tbody>
                      </Tbody>
                    </table>
                  </div>
                </div>
                <FixedLength direction=\\"x\\"  scrollLength={1500} offset={0} onScroll={[Function: bound handleScrollX]}>
                  <ScrollBar direction=\\"x\\" length={0} scrollLength={1500} offset={0} onScroll={[Function: bound handleScrollX]} barLength={20}>
                    <div className=\\"so-scroll-bar so-scroll-x so-scroll-show so-scroll-padding-y\\" style={{...}} onMouseDown={[Function: bound handleBgClick]}>
                      <div className=\\"so-scroll-handle\\" onMouseDown={[Function: bound handleBarClick]} style={{...}} />
                    </div>
                  </ScrollBar>
                </FixedLength>
              </div>
            </Scroll>
          </_class>
        </SeperateTable>
      </div>
    </Table>
  </_class>
</ShineoutTable>"
`;

exports[`Table[Fixed-Columns] should fixed columns 1`] = `
"<ShineoutTable fixed=\\"both\\" keygen=\\"id\\" width={1500} style={{...}} columns={{...}} data={{...}}>
  <_class fixed=\\"both\\" keygen=\\"id\\" width={1500} style={{...}} data={{...}} onChange={[undefined]} columns={{...}} sorter={{...}} onSortChange={[Function: bound handleSortChange]} initValidate={false}>
    <Table fixed=\\"both\\" keygen=\\"id\\" width={1500} style={{...}} data={{...}} onChange={[undefined]} columns={{...}} sorter={{...}} onSortChange={[Function: bound handleSortChange]} initValidate={false} datum={{...}} className=\\"\\" size=\\"default\\" type=\\"default\\" hover={true} rowsInView={20} verticalAlign=\\"top\\">
      <div className=\\"so-table so-table-default so-table-hover so-table-fixed so-table-vertical-top\\" style={{...}}>
        <SeperateTable keygen=\\"id\\" onChange={[undefined]} sorter={{...}} onSortChange={[Function: bound handleSortChange]} initValidate={false} datum={{...}} className=\\"\\" type=\\"default\\" rowsInView={20} fixed=\\"both\\" loading={[undefined]} height={[undefined]} width={1500} data={{...}} columns={{...}} scrollLeft={0} striped={[undefined]} rowHeight={40}>
          <div className=\\"so-table-head so-table-float-right so-table-scroll-y\\">
            <table style={{...}}>
              <Colgroup colgroup={{...}} columns={{...}}>
                <colgroup>
                  <col style={{...}} />
                  <col style={{...}} />
                  <col style={{...}} />
                  <col style={{...}} />
                  <col style={{...}} />
                  <col style={{...}} />
                  <col style={{...}} />
                </colgroup>
              </Colgroup>
              <Thead keygen=\\"id\\" onChange={[undefined]} sorter={{...}} onSortChange={[Function: bound handleSortChange]} initValidate={false} datum={{...}} className=\\"\\" type=\\"default\\" rowsInView={20} fixed=\\"both\\" loading={[undefined]} height={[undefined]} width={1500} data={{...}} columns={{...}} scrollLeft={0} striped={[undefined]} rowHeight={40} showSelectAll={true}>
                <thead>
                  <tr>
                    <th className=\\"so-table-fixed-left\\" rowSpan={2}>
                      id
                    </th>
                    <th className=\\"so-table-center so-table-condensed so-table-fixed-left so-table-fixed-last\\" colSpan={2} style={[undefined]}>
                      Name
                    </th>
                    <th className=\\"\\" rowSpan={2}>
                      Country
                    </th>
                    <th className=\\"\\" rowSpan={2}>
                      Position
                    </th>
                    <th className=\\"\\" rowSpan={2}>
                      Office
                    </th>
                    <th className=\\"\\" rowSpan={2}>
                      Start Date
                    </th>
                  </tr>
                  <tr>
                    <th className=\\"so-table-condensed so-table-fixed-left\\" rowSpan={1}>
                      First Name
                    </th>
                    <th className=\\"so-table-condensed so-table-fixed-left so-table-fixed-last\\" rowSpan={1}>
                      Last Name
                    </th>
                  </tr>
                </thead>
              </Thead>
            </table>
          </div>
          <_class scrollTop={0} scroll=\\"both\\" scrollHeight={200} scrollWidth={1500} onScroll={[Function: bound handleScroll]} className=\\"so-table-body so-table-float-right so-table-scroll-y\\">
            <Scroll scrollTop={0} scroll=\\"both\\" scrollHeight={200} scrollWidth={1500} onScroll={[Function: bound handleScroll]} className=\\"so-table-body so-table-float-right so-table-scroll-y\\" left={0} top={0} scrollX={true} scrollY={true} size=\\"default\\" style={{...}} type=\\"default\\">
              <div onWheel={[Function: bound handleWheel]} style={{...}} className=\\"so-scroll so-scroll-show-x so-scroll-show-y so-table-body so-table-float-right so-table-scroll-y\\">
                <iframe title=\\"scroll\\" className=\\"so-scroll-iframe\\" />
                <div className=\\"so-scroll-iframe\\" />
                <div className=\\"so-scroll-inner\\">
                  <div className=\\"so-table-scroll-inner\\" style={{...}}>
                    <div style={{...}} />
                    <table style={{...}}>
                      <Colgroup colgroup={{...}} columns={{...}}>
                        <colgroup>
                          <col style={{...}} />
                          <col style={{...}} />
                          <col style={{...}} />
                          <col style={{...}} />
                          <col style={{...}} />
                          <col style={{...}} />
                          <col style={{...}} />
                        </colgroup>
                      </Colgroup>
                      <Tbody keygen=\\"id\\" onChange={[undefined]} sorter={{...}} onSortChange={[Function: bound handleSortChange]} initValidate={false} datum={{...}} className=\\"\\" type=\\"default\\" loading={[undefined]} height={[undefined]} scrollLeft={0} striped={[undefined]} columns={{...}} onBodyRender={[Function: bound handleColgroup]} index={0} offsetLeft={[undefined]} offsetRight={[undefined]} data={{...}} setRowHeight={[Function: bound setRowHeight]} hasNotRenderRows={false}>
                        <tbody>
                          <ShineoutTr onChange={[undefined]} onSortChange={[Function: bound handleSortChange]} initValidate={false} datum={{...}} className=\\"\\" type=\\"default\\" loading={[undefined]} height={[undefined]} scrollLeft={0} striped={[undefined]} onBodyRender={[Function: bound handleColgroup]} offsetLeft={[undefined]} offsetRight={[undefined]} setRowHeight={[Function: bound setRowHeight]} hasNotRenderRows={false} index={0} data={{...}} rowData={{...}} columns={{...}} rowKey={0} onExpand={[Function: bound handleExpand]} expandRender={[undefined]}>
                            <tr onClick={[Function: bound handleRowClick]} className=\\"so-table-normal\\">
                              <Td onChange={[undefined]} onSortChange={[Function: bound handleSortChange]} initValidate={false} datum={{...}} className={[undefined]} type={[undefined]} loading={[undefined]} height={[undefined]} scrollLeft={0} onBodyRender={[Function: bound handleColgroup]} setRowHeight={[Function: bound setRowHeight]} rowKey={0} onExpand={[Function: bound handleExpand]} expanded={false} expandClick={[undefined]} style={{...}} fixed=\\"left\\" firstFixed={[undefined]} lastFixed={[undefined]} render=\\"id\\" index={0} data={{...}} expandKeys={[undefined]} colSpan={1}>
                                <td style={{...}} className=\\"so-table-fixed-left\\" rowSpan={[undefined]} colSpan={1}>
                                  0
                                </td>
                              </Td>
                              <Td onChange={[undefined]} onSortChange={[Function: bound handleSortChange]} initValidate={false} datum={{...}} className={[undefined]} type={[undefined]} loading={[undefined]} height={[undefined]} scrollLeft={0} onBodyRender={[Function: bound handleColgroup]} setRowHeight={[Function: bound setRowHeight]} rowKey={0} onExpand={[Function: bound handleExpand]} expanded={false} expandClick={[undefined]} style={{...}} fixed=\\"left\\" firstFixed={[undefined]} lastFixed={[undefined]} render=\\"firstName\\" index={0} data={{...}} expandKeys={[undefined]} colSpan={1}>
                                <td style={{...}} className=\\"so-table-fixed-left\\" rowSpan={[undefined]} colSpan={1}>
                                  firstName
                                </td>
                              </Td>
                              <Td onChange={[undefined]} onSortChange={[Function: bound handleSortChange]} initValidate={false} datum={{...}} className={[undefined]} type={[undefined]} loading={[undefined]} height={[undefined]} scrollLeft={0} onBodyRender={[Function: bound handleColgroup]} setRowHeight={[Function: bound setRowHeight]} rowKey={0} onExpand={[Function: bound handleExpand]} expanded={false} expandClick={[undefined]} style={{...}} fixed=\\"left\\" firstFixed={[undefined]} lastFixed={true} render=\\"lastName\\" index={0} data={{...}} expandKeys={[undefined]} colSpan={1}>
                                <td style={{...}} className=\\"so-table-fixed-left so-table-fixed-last\\" rowSpan={[undefined]} colSpan={1}>
                                  lastName
                                </td>
                              </Td>
                              <Td onChange={[undefined]} onSortChange={[Function: bound handleSortChange]} initValidate={false} datum={{...}} className={[undefined]} type={[undefined]} loading={[undefined]} height={[undefined]} scrollLeft={0} onBodyRender={[Function: bound handleColgroup]} setRowHeight={[Function: bound setRowHeight]} rowKey={0} onExpand={[Function: bound handleExpand]} expanded={false} expandClick={[undefined]} style={{...}} fixed=\\"\\" firstFixed={[undefined]} lastFixed={[undefined]} render=\\"country\\" index={0} data={{...}} expandKeys={[undefined]} colSpan={1}>
                                <td style={{...}} className=\\"\\" rowSpan={[undefined]} colSpan={1}>
                                  country
                                </td>
                              </Td>
                              <Td onChange={[undefined]} onSortChange={[Function: bound handleSortChange]} initValidate={false} datum={{...}} className={[undefined]} type={[undefined]} loading={[undefined]} height={[undefined]} scrollLeft={0} onBodyRender={[Function: bound handleColgroup]} setRowHeight={[Function: bound setRowHeight]} rowKey={0} onExpand={[Function: bound handleExpand]} expanded={false} expandClick={[undefined]} style={{...}} fixed=\\"\\" firstFixed={[undefined]} lastFixed={[undefined]} render=\\"position\\" index={0} data={{...}} expandKeys={[undefined]} colSpan={1}>
                                <td style={{...}} className=\\"\\" rowSpan={[undefined]} colSpan={1}>
                                  position
                                </td>
                              </Td>
                              <Td onChange={[undefined]} onSortChange={[Function: bound handleSortChange]} initValidate={false} datum={{...}} className={[undefined]} type={[undefined]} loading={[undefined]} height={[undefined]} scrollLeft={0} onBodyRender={[Function: bound handleColgroup]} setRowHeight={[Function: bound setRowHeight]} rowKey={0} onExpand={[Function: bound handleExpand]} expanded={false} expandClick={[undefined]} style={{...}} fixed=\\"\\" firstFixed={[undefined]} lastFixed={[undefined]} render=\\"office\\" index={0} data={{...}} expandKeys={[undefined]} colSpan={1}>
                                <td style={{...}} className=\\"\\" rowSpan={[undefined]} colSpan={1}>
                                  office
                                </td>
                              </Td>
                              <Td onChange={[undefined]} onSortChange={[Function: bound handleSortChange]} initValidate={false} datum={{...}} className={[undefined]} type={[undefined]} loading={[undefined]} height={[undefined]} scrollLeft={0} onBodyRender={[Function: bound handleColgroup]} setRowHeight={[Function: bound setRowHeight]} rowKey={0} onExpand={[Function: bound handleExpand]} expanded={false} expandClick={[undefined]} style={{...}} fixed=\\"\\" firstFixed={[undefined]} lastFixed={[undefined]} render=\\"start\\" index={0} data={{...}} expandKeys={[undefined]} colSpan={1}>
                                <td style={{...}} className=\\"\\" rowSpan={[undefined]} colSpan={1}>
                                  start
                                </td>
                              </Td>
                            </tr>
                          </ShineoutTr>
                          <ShineoutTr onChange={[undefined]} onSortChange={[Function: bound handleSortChange]} initValidate={false} datum={{...}} className=\\"\\" type=\\"default\\" loading={[undefined]} height={[undefined]} scrollLeft={0} striped={[undefined]} onBodyRender={[Function: bound handleColgroup]} offsetLeft={[undefined]} offsetRight={[undefined]} setRowHeight={[Function: bound setRowHeight]} hasNotRenderRows={false} index={1} data={{...}} rowData={{...}} columns={{...}} rowKey={1} onExpand={[Function: bound handleExpand]} expandRender={[undefined]}>
                            <tr onClick={[Function: bound handleRowClick]} className=\\"so-table-normal\\">
                              <Td onChange={[undefined]} onSortChange={[Function: bound handleSortChange]} initValidate={false} datum={{...}} className={[undefined]} type={[undefined]} loading={[undefined]} height={[undefined]} scrollLeft={0} onBodyRender={[Function: bound handleColgroup]} setRowHeight={[Function: bound setRowHeight]} rowKey={1} onExpand={[Function: bound handleExpand]} expanded={false} expandClick={[undefined]} style={{...}} fixed=\\"left\\" firstFixed={[undefined]} lastFixed={[undefined]} render=\\"id\\" index={1} data={{...}} expandKeys={[undefined]} colSpan={1}>
                                <td style={{...}} className=\\"so-table-fixed-left\\" rowSpan={[undefined]} colSpan={1}>
                                  1
                                </td>
                              </Td>
                              <Td onChange={[undefined]} onSortChange={[Function: bound handleSortChange]} initValidate={false} datum={{...}} className={[undefined]} type={[undefined]} loading={[undefined]} height={[undefined]} scrollLeft={0} onBodyRender={[Function: bound handleColgroup]} setRowHeight={[Function: bound setRowHeight]} rowKey={1} onExpand={[Function: bound handleExpand]} expanded={false} expandClick={[undefined]} style={{...}} fixed=\\"left\\" firstFixed={[undefined]} lastFixed={[undefined]} render=\\"firstName\\" index={1} data={{...}} expandKeys={[undefined]} colSpan={1}>
                                <td style={{...}} className=\\"so-table-fixed-left\\" rowSpan={[undefined]} colSpan={1}>
                                  firstName
                                </td>
                              </Td>
                              <Td onChange={[undefined]} onSortChange={[Function: bound handleSortChange]} initValidate={false} datum={{...}} className={[undefined]} type={[undefined]} loading={[undefined]} height={[undefined]} scrollLeft={0} onBodyRender={[Function: bound handleColgroup]} setRowHeight={[Function: bound setRowHeight]} rowKey={1} onExpand={[Function: bound handleExpand]} expanded={false} expandClick={[undefined]} style={{...}} fixed=\\"left\\" firstFixed={[undefined]} lastFixed={true} render=\\"lastName\\" index={1} data={{...}} expandKeys={[undefined]} colSpan={1}>
                                <td style={{...}} className=\\"so-table-fixed-left so-table-fixed-last\\" rowSpan={[undefined]} colSpan={1}>
                                  lastName
                                </td>
                              </Td>
                              <Td onChange={[undefined]} onSortChange={[Function: bound handleSortChange]} initValidate={false} datum={{...}} className={[undefined]} type={[undefined]} loading={[undefined]} height={[undefined]} scrollLeft={0} onBodyRender={[Function: bound handleColgroup]} setRowHeight={[Function: bound setRowHeight]} rowKey={1} onExpand={[Function: bound handleExpand]} expanded={false} expandClick={[undefined]} style={{...}} fixed=\\"\\" firstFixed={[undefined]} lastFixed={[undefined]} render=\\"country\\" index={1} data={{...}} expandKeys={[undefined]} colSpan={1}>
                                <td style={{...}} className=\\"\\" rowSpan={[undefined]} colSpan={1}>
                                  country
                                </td>
                              </Td>
                              <Td onChange={[undefined]} onSortChange={[Function: bound handleSortChange]} initValidate={false} datum={{...}} className={[undefined]} type={[undefined]} loading={[undefined]} height={[undefined]} scrollLeft={0} onBodyRender={[Function: bound handleColgroup]} setRowHeight={[Function: bound setRowHeight]} rowKey={1} onExpand={[Function: bound handleExpand]} expanded={false} expandClick={[undefined]} style={{...}} fixed=\\"\\" firstFixed={[undefined]} lastFixed={[undefined]} render=\\"position\\" index={1} data={{...}} expandKeys={[undefined]} colSpan={1}>
                                <td style={{...}} className=\\"\\" rowSpan={[undefined]} colSpan={1}>
                                  position
                                </td>
                              </Td>
                              <Td onChange={[undefined]} onSortChange={[Function: bound handleSortChange]} initValidate={false} datum={{...}} className={[undefined]} type={[undefined]} loading={[undefined]} height={[undefined]} scrollLeft={0} onBodyRender={[Function: bound handleColgroup]} setRowHeight={[Function: bound setRowHeight]} rowKey={1} onExpand={[Function: bound handleExpand]} expanded={false} expandClick={[undefined]} style={{...}} fixed=\\"\\" firstFixed={[undefined]} lastFixed={[undefined]} render=\\"office\\" index={1} data={{...}} expandKeys={[undefined]} colSpan={1}>
                                <td style={{...}} className=\\"\\" rowSpan={[undefined]} colSpan={1}>
                                  office
                                </td>
                              </Td>
                              <Td onChange={[undefined]} onSortChange={[Function: bound handleSortChange]} initValidate={false} datum={{...}} className={[undefined]} type={[undefined]} loading={[undefined]} height={[undefined]} scrollLeft={0} onBodyRender={[Function: bound handleColgroup]} setRowHeight={[Function: bound setRowHeight]} rowKey={1} onExpand={[Function: bound handleExpand]} expanded={false} expandClick={[undefined]} style={{...}} fixed=\\"\\" firstFixed={[undefined]} lastFixed={[undefined]} render=\\"start\\" index={1} data={{...}} expandKeys={[undefined]} colSpan={1}>
                                <td style={{...}} className=\\"\\" rowSpan={[undefined]} colSpan={1}>
                                  start
                                </td>
                              </Td>
                            </tr>
                          </ShineoutTr>
                          <ShineoutTr onChange={[undefined]} onSortChange={[Function: bound handleSortChange]} initValidate={false} datum={{...}} className=\\"\\" type=\\"default\\" loading={[undefined]} height={[undefined]} scrollLeft={0} striped={[undefined]} onBodyRender={[Function: bound handleColgroup]} offsetLeft={[undefined]} offsetRight={[undefined]} setRowHeight={[Function: bound setRowHeight]} hasNotRenderRows={false} index={2} data={{...}} rowData={{...}} columns={{...}} rowKey={2} onExpand={[Function: bound handleExpand]} expandRender={[undefined]}>
                            <tr onClick={[Function: bound handleRowClick]} className=\\"so-table-normal\\">
                              <Td onChange={[undefined]} onSortChange={[Function: bound handleSortChange]} initValidate={false} datum={{...}} className={[undefined]} type={[undefined]} loading={[undefined]} height={[undefined]} scrollLeft={0} onBodyRender={[Function: bound handleColgroup]} setRowHeight={[Function: bound setRowHeight]} rowKey={2} onExpand={[Function: bound handleExpand]} expanded={false} expandClick={[undefined]} style={{...}} fixed=\\"left\\" firstFixed={[undefined]} lastFixed={[undefined]} render=\\"id\\" index={2} data={{...}} expandKeys={[undefined]} colSpan={1}>
                                <td style={{...}} className=\\"so-table-fixed-left\\" rowSpan={[undefined]} colSpan={1}>
                                  2
                                </td>
                              </Td>
                              <Td onChange={[undefined]} onSortChange={[Function: bound handleSortChange]} initValidate={false} datum={{...}} className={[undefined]} type={[undefined]} loading={[undefined]} height={[undefined]} scrollLeft={0} onBodyRender={[Function: bound handleColgroup]} setRowHeight={[Function: bound setRowHeight]} rowKey={2} onExpand={[Function: bound handleExpand]} expanded={false} expandClick={[undefined]} style={{...}} fixed=\\"left\\" firstFixed={[undefined]} lastFixed={[undefined]} render=\\"firstName\\" index={2} data={{...}} expandKeys={[undefined]} colSpan={1}>
                                <td style={{...}} className=\\"so-table-fixed-left\\" rowSpan={[undefined]} colSpan={1}>
                                  firstName
                                </td>
                              </Td>
                              <Td onChange={[undefined]} onSortChange={[Function: bound handleSortChange]} initValidate={false} datum={{...}} className={[undefined]} type={[undefined]} loading={[undefined]} height={[undefined]} scrollLeft={0} onBodyRender={[Function: bound handleColgroup]} setRowHeight={[Function: bound setRowHeight]} rowKey={2} onExpand={[Function: bound handleExpand]} expanded={false} expandClick={[undefined]} style={{...}} fixed=\\"left\\" firstFixed={[undefined]} lastFixed={true} render=\\"lastName\\" index={2} data={{...}} expandKeys={[undefined]} colSpan={1}>
                                <td style={{...}} className=\\"so-table-fixed-left so-table-fixed-last\\" rowSpan={[undefined]} colSpan={1}>
                                  lastName
                                </td>
                              </Td>
                              <Td onChange={[undefined]} onSortChange={[Function: bound handleSortChange]} initValidate={false} datum={{...}} className={[undefined]} type={[undefined]} loading={[undefined]} height={[undefined]} scrollLeft={0} onBodyRender={[Function: bound handleColgroup]} setRowHeight={[Function: bound setRowHeight]} rowKey={2} onExpand={[Function: bound handleExpand]} expanded={false} expandClick={[undefined]} style={{...}} fixed=\\"\\" firstFixed={[undefined]} lastFixed={[undefined]} render=\\"country\\" index={2} data={{...}} expandKeys={[undefined]} colSpan={1}>
                                <td style={{...}} className=\\"\\" rowSpan={[undefined]} colSpan={1}>
                                  country
                                </td>
                              </Td>
                              <Td onChange={[undefined]} onSortChange={[Function: bound handleSortChange]} initValidate={false} datum={{...}} className={[undefined]} type={[undefined]} loading={[undefined]} height={[undefined]} scrollLeft={0} onBodyRender={[Function: bound handleColgroup]} setRowHeight={[Function: bound setRowHeight]} rowKey={2} onExpand={[Function: bound handleExpand]} expanded={false} expandClick={[undefined]} style={{...}} fixed=\\"\\" firstFixed={[undefined]} lastFixed={[undefined]} render=\\"position\\" index={2} data={{...}} expandKeys={[undefined]} colSpan={1}>
                                <td style={{...}} className=\\"\\" rowSpan={[undefined]} colSpan={1}>
                                  position
                                </td>
                              </Td>
                              <Td onChange={[undefined]} onSortChange={[Function: bound handleSortChange]} initValidate={false} datum={{...}} className={[undefined]} type={[undefined]} loading={[undefined]} height={[undefined]} scrollLeft={0} onBodyRender={[Function: bound handleColgroup]} setRowHeight={[Function: bound setRowHeight]} rowKey={2} onExpand={[Function: bound handleExpand]} expanded={false} expandClick={[undefined]} style={{...}} fixed=\\"\\" firstFixed={[undefined]} lastFixed={[undefined]} render=\\"office\\" index={2} data={{...}} expandKeys={[undefined]} colSpan={1}>
                                <td style={{...}} className=\\"\\" rowSpan={[undefined]} colSpan={1}>
                                  office
                                </td>
                              </Td>
                              <Td onChange={[undefined]} onSortChange={[Function: bound handleSortChange]} initValidate={false} datum={{...}} className={[undefined]} type={[undefined]} loading={[undefined]} height={[undefined]} scrollLeft={0} onBodyRender={[Function: bound handleColgroup]} setRowHeight={[Function: bound setRowHeight]} rowKey={2} onExpand={[Function: bound handleExpand]} expanded={false} expandClick={[undefined]} style={{...}} fixed=\\"\\" firstFixed={[undefined]} lastFixed={[undefined]} render=\\"start\\" index={2} data={{...}} expandKeys={[undefined]} colSpan={1}>
                                <td style={{...}} className=\\"\\" rowSpan={[undefined]} colSpan={1}>
                                  start
                                </td>
                              </Td>
                            </tr>
                          </ShineoutTr>
                          <ShineoutTr onChange={[undefined]} onSortChange={[Function: bound handleSortChange]} initValidate={false} datum={{...}} className=\\"\\" type=\\"default\\" loading={[undefined]} height={[undefined]} scrollLeft={0} striped={[undefined]} onBodyRender={[Function: bound handleColgroup]} offsetLeft={[undefined]} offsetRight={[undefined]} setRowHeight={[Function: bound setRowHeight]} hasNotRenderRows={false} index={3} data={{...}} rowData={{...}} columns={{...}} rowKey={3} onExpand={[Function: bound handleExpand]} expandRender={[undefined]}>
                            <tr onClick={[Function: bound handleRowClick]} className=\\"so-table-normal\\">
                              <Td onChange={[undefined]} onSortChange={[Function: bound handleSortChange]} initValidate={false} datum={{...}} className={[undefined]} type={[undefined]} loading={[undefined]} height={[undefined]} scrollLeft={0} onBodyRender={[Function: bound handleColgroup]} setRowHeight={[Function: bound setRowHeight]} rowKey={3} onExpand={[Function: bound handleExpand]} expanded={false} expandClick={[undefined]} style={{...}} fixed=\\"left\\" firstFixed={[undefined]} lastFixed={[undefined]} render=\\"id\\" index={3} data={{...}} expandKeys={[undefined]} colSpan={1}>
                                <td style={{...}} className=\\"so-table-fixed-left\\" rowSpan={[undefined]} colSpan={1}>
                                  3
                                </td>
                              </Td>
                              <Td onChange={[undefined]} onSortChange={[Function: bound handleSortChange]} initValidate={false} datum={{...}} className={[undefined]} type={[undefined]} loading={[undefined]} height={[undefined]} scrollLeft={0} onBodyRender={[Function: bound handleColgroup]} setRowHeight={[Function: bound setRowHeight]} rowKey={3} onExpand={[Function: bound handleExpand]} expanded={false} expandClick={[undefined]} style={{...}} fixed=\\"left\\" firstFixed={[undefined]} lastFixed={[undefined]} render=\\"firstName\\" index={3} data={{...}} expandKeys={[undefined]} colSpan={1}>
                                <td style={{...}} className=\\"so-table-fixed-left\\" rowSpan={[undefined]} colSpan={1}>
                                  firstName
                                </td>
                              </Td>
                              <Td onChange={[undefined]} onSortChange={[Function: bound handleSortChange]} initValidate={false} datum={{...}} className={[undefined]} type={[undefined]} loading={[undefined]} height={[undefined]} scrollLeft={0} onBodyRender={[Function: bound handleColgroup]} setRowHeight={[Function: bound setRowHeight]} rowKey={3} onExpand={[Function: bound handleExpand]} expanded={false} expandClick={[undefined]} style={{...}} fixed=\\"left\\" firstFixed={[undefined]} lastFixed={true} render=\\"lastName\\" index={3} data={{...}} expandKeys={[undefined]} colSpan={1}>
                                <td style={{...}} className=\\"so-table-fixed-left so-table-fixed-last\\" rowSpan={[undefined]} colSpan={1}>
                                  lastName
                                </td>
                              </Td>
                              <Td onChange={[undefined]} onSortChange={[Function: bound handleSortChange]} initValidate={false} datum={{...}} className={[undefined]} type={[undefined]} loading={[undefined]} height={[undefined]} scrollLeft={0} onBodyRender={[Function: bound handleColgroup]} setRowHeight={[Function: bound setRowHeight]} rowKey={3} onExpand={[Function: bound handleExpand]} expanded={false} expandClick={[undefined]} style={{...}} fixed=\\"\\" firstFixed={[undefined]} lastFixed={[undefined]} render=\\"country\\" index={3} data={{...}} expandKeys={[undefined]} colSpan={1}>
                                <td style={{...}} className=\\"\\" rowSpan={[undefined]} colSpan={1}>
                                  country
                                </td>
                              </Td>
                              <Td onChange={[undefined]} onSortChange={[Function: bound handleSortChange]} initValidate={false} datum={{...}} className={[undefined]} type={[undefined]} loading={[undefined]} height={[undefined]} scrollLeft={0} onBodyRender={[Function: bound handleColgroup]} setRowHeight={[Function: bound setRowHeight]} rowKey={3} onExpand={[Function: bound handleExpand]} expanded={false} expandClick={[undefined]} style={{...}} fixed=\\"\\" firstFixed={[undefined]} lastFixed={[undefined]} render=\\"position\\" index={3} data={{...}} expandKeys={[undefined]} colSpan={1}>
                                <td style={{...}} className=\\"\\" rowSpan={[undefined]} colSpan={1}>
                                  position
                                </td>
                              </Td>
                              <Td onChange={[undefined]} onSortChange={[Function: bound handleSortChange]} initValidate={false} datum={{...}} className={[undefined]} type={[undefined]} loading={[undefined]} height={[undefined]} scrollLeft={0} onBodyRender={[Function: bound handleColgroup]} setRowHeight={[Function: bound setRowHeight]} rowKey={3} onExpand={[Function: bound handleExpand]} expanded={false} expandClick={[undefined]} style={{...}} fixed=\\"\\" firstFixed={[undefined]} lastFixed={[undefined]} render=\\"office\\" index={3} data={{...}} expandKeys={[undefined]} colSpan={1}>
                                <td style={{...}} className=\\"\\" rowSpan={[undefined]} colSpan={1}>
                                  office
                                </td>
                              </Td>
                              <Td onChange={[undefined]} onSortChange={[Function: bound handleSortChange]} initValidate={false} datum={{...}} className={[undefined]} type={[undefined]} loading={[undefined]} height={[undefined]} scrollLeft={0} onBodyRender={[Function: bound handleColgroup]} setRowHeight={[Function: bound setRowHeight]} rowKey={3} onExpand={[Function: bound handleExpand]} expanded={false} expandClick={[undefined]} style={{...}} fixed=\\"\\" firstFixed={[undefined]} lastFixed={[undefined]} render=\\"start\\" index={3} data={{...}} expandKeys={[undefined]} colSpan={1}>
                                <td style={{...}} className=\\"\\" rowSpan={[undefined]} colSpan={1}>
                                  start
                                </td>
                              </Td>
                            </tr>
                          </ShineoutTr>
                          <ShineoutTr onChange={[undefined]} onSortChange={[Function: bound handleSortChange]} initValidate={false} datum={{...}} className=\\"\\" type=\\"default\\" loading={[undefined]} height={[undefined]} scrollLeft={0} striped={[undefined]} onBodyRender={[Function: bound handleColgroup]} offsetLeft={[undefined]} offsetRight={[undefined]} setRowHeight={[Function: bound setRowHeight]} hasNotRenderRows={false} index={4} data={{...}} rowData={{...}} columns={{...}} rowKey={4} onExpand={[Function: bound handleExpand]} expandRender={[undefined]}>
                            <tr onClick={[Function: bound handleRowClick]} className=\\"so-table-normal\\">
                              <Td onChange={[undefined]} onSortChange={[Function: bound handleSortChange]} initValidate={false} datum={{...}} className={[undefined]} type={[undefined]} loading={[undefined]} height={[undefined]} scrollLeft={0} onBodyRender={[Function: bound handleColgroup]} setRowHeight={[Function: bound setRowHeight]} rowKey={4} onExpand={[Function: bound handleExpand]} expanded={false} expandClick={[undefined]} style={{...}} fixed=\\"left\\" firstFixed={[undefined]} lastFixed={[undefined]} render=\\"id\\" index={4} data={{...}} expandKeys={[undefined]} colSpan={1}>
                                <td style={{...}} className=\\"so-table-fixed-left\\" rowSpan={[undefined]} colSpan={1}>
                                  4
                                </td>
                              </Td>
                              <Td onChange={[undefined]} onSortChange={[Function: bound handleSortChange]} initValidate={false} datum={{...}} className={[undefined]} type={[undefined]} loading={[undefined]} height={[undefined]} scrollLeft={0} onBodyRender={[Function: bound handleColgroup]} setRowHeight={[Function: bound setRowHeight]} rowKey={4} onExpand={[Function: bound handleExpand]} expanded={false} expandClick={[undefined]} style={{...}} fixed=\\"left\\" firstFixed={[undefined]} lastFixed={[undefined]} render=\\"firstName\\" index={4} data={{...}} expandKeys={[undefined]} colSpan={1}>
                                <td style={{...}} className=\\"so-table-fixed-left\\" rowSpan={[undefined]} colSpan={1}>
                                  firstName
                                </td>
                              </Td>
                              <Td onChange={[undefined]} onSortChange={[Function: bound handleSortChange]} initValidate={false} datum={{...}} className={[undefined]} type={[undefined]} loading={[undefined]} height={[undefined]} scrollLeft={0} onBodyRender={[Function: bound handleColgroup]} setRowHeight={[Function: bound setRowHeight]} rowKey={4} onExpand={[Function: bound handleExpand]} expanded={false} expandClick={[undefined]} style={{...}} fixed=\\"left\\" firstFixed={[undefined]} lastFixed={true} render=\\"lastName\\" index={4} data={{...}} expandKeys={[undefined]} colSpan={1}>
                                <td style={{...}} className=\\"so-table-fixed-left so-table-fixed-last\\" rowSpan={[undefined]} colSpan={1}>
                                  lastName
                                </td>
                              </Td>
                              <Td onChange={[undefined]} onSortChange={[Function: bound handleSortChange]} initValidate={false} datum={{...}} className={[undefined]} type={[undefined]} loading={[undefined]} height={[undefined]} scrollLeft={0} onBodyRender={[Function: bound handleColgroup]} setRowHeight={[Function: bound setRowHeight]} rowKey={4} onExpand={[Function: bound handleExpand]} expanded={false} expandClick={[undefined]} style={{...}} fixed=\\"\\" firstFixed={[undefined]} lastFixed={[undefined]} render=\\"country\\" index={4} data={{...}} expandKeys={[undefined]} colSpan={1}>
                                <td style={{...}} className=\\"\\" rowSpan={[undefined]} colSpan={1}>
                                  country
                                </td>
                              </Td>
                              <Td onChange={[undefined]} onSortChange={[Function: bound handleSortChange]} initValidate={false} datum={{...}} className={[undefined]} type={[undefined]} loading={[undefined]} height={[undefined]} scrollLeft={0} onBodyRender={[Function: bound handleColgroup]} setRowHeight={[Function: bound setRowHeight]} rowKey={4} onExpand={[Function: bound handleExpand]} expanded={false} expandClick={[undefined]} style={{...}} fixed=\\"\\" firstFixed={[undefined]} lastFixed={[undefined]} render=\\"position\\" index={4} data={{...}} expandKeys={[undefined]} colSpan={1}>
                                <td style={{...}} className=\\"\\" rowSpan={[undefined]} colSpan={1}>
                                  position
                                </td>
                              </Td>
                              <Td onChange={[undefined]} onSortChange={[Function: bound handleSortChange]} initValidate={false} datum={{...}} className={[undefined]} type={[undefined]} loading={[undefined]} height={[undefined]} scrollLeft={0} onBodyRender={[Function: bound handleColgroup]} setRowHeight={[Function: bound setRowHeight]} rowKey={4} onExpand={[Function: bound handleExpand]} expanded={false} expandClick={[undefined]} style={{...}} fixed=\\"\\" firstFixed={[undefined]} lastFixed={[undefined]} render=\\"office\\" index={4} data={{...}} expandKeys={[undefined]} colSpan={1}>
                                <td style={{...}} className=\\"\\" rowSpan={[undefined]} colSpan={1}>
                                  office
                                </td>
                              </Td>
                              <Td onChange={[undefined]} onSortChange={[Function: bound handleSortChange]} initValidate={false} datum={{...}} className={[undefined]} type={[undefined]} loading={[undefined]} height={[undefined]} scrollLeft={0} onBodyRender={[Function: bound handleColgroup]} setRowHeight={[Function: bound setRowHeight]} rowKey={4} onExpand={[Function: bound handleExpand]} expanded={false} expandClick={[undefined]} style={{...}} fixed=\\"\\" firstFixed={[undefined]} lastFixed={[undefined]} render=\\"start\\" index={4} data={{...}} expandKeys={[undefined]} colSpan={1}>
                                <td style={{...}} className=\\"\\" rowSpan={[undefined]} colSpan={1}>
                                  start
                                </td>
                              </Td>
                            </tr>
                          </ShineoutTr>
                        </tbody>
                      </Tbody>
                    </table>
                  </div>
                </div>
                <FixedLength direction=\\"y\\" length={-12} forceHeight={[undefined]} scrollLength={200} offset={0} onScroll={[Function: bound handleScrollY]}>
                  <ScrollBar direction=\\"y\\" length={-12} forceHeight={[undefined]} scrollLength={200} offset={0} onScroll={[Function: bound handleScrollY]} barLength={20}>
                    <div className=\\"so-scroll-bar so-scroll-y so-scroll-show so-scroll-padding-y\\" style={{...}} onMouseDown={[Function: bound handleBgClick]}>
                      <div className=\\"so-scroll-handle\\" onMouseDown={[Function: bound handleBarClick]} style={{...}} />
                    </div>
                  </ScrollBar>
                </FixedLength>
                <FixedLength direction=\\"x\\" length={-12} scrollLength={1500} offset={0} onScroll={[Function: bound handleScrollX]}>
                  <ScrollBar direction=\\"x\\" length={-12} scrollLength={1500} offset={0} onScroll={[Function: bound handleScrollX]} barLength={20}>
                    <div className=\\"so-scroll-bar so-scroll-x so-scroll-show so-scroll-padding-y\\" style={{...}} onMouseDown={[Function: bound handleBgClick]}>
                      <div className=\\"so-scroll-handle\\" onMouseDown={[Function: bound handleBarClick]} style={{...}} />
                    </div>
                  </ScrollBar>
                </FixedLength>
              </div>
            </Scroll>
          </_class>
        </SeperateTable>
      </div>
    </Table>
  </_class>
</ShineoutTable>"
`;

exports[`Table[Fixed-Header] should fixed header with less columns 1`] = `
"<ShineoutTable fixed=\\"y\\" data={{...}} keygen=\\"id\\" style={{...}} columns={{...}}>
  <_class fixed=\\"y\\" data={{...}} keygen=\\"id\\" style={{...}} onChange={[undefined]} columns={{...}} sorter={{...}} onSortChange={[Function: bound handleSortChange]} initValidate={false}>
    <Table fixed=\\"y\\" data={{...}} keygen=\\"id\\" style={{...}} onChange={[undefined]} columns={{...}} sorter={{...}} onSortChange={[Function: bound handleSortChange]} initValidate={false} datum={{...}} className=\\"\\" size=\\"default\\" type=\\"default\\" hover={true} rowsInView={20} verticalAlign=\\"top\\">
      <div className=\\"so-table so-table-default so-table-hover so-table-fixed so-table-vertical-top\\" style={{...}}>
        <SeperateTable keygen=\\"id\\" onChange={[undefined]} sorter={{...}} onSortChange={[Function: bound handleSortChange]} initValidate={false} datum={{...}} className=\\"\\" type=\\"default\\" rowsInView={20} fixed=\\"y\\" loading={[undefined]} height={[undefined]} width={[undefined]} data={{...}} columns={{...}} scrollLeft={0} striped={[undefined]} rowHeight={40}>
          <div className=\\"so-table-head so-table-float-right so-table-scroll-y\\">
            <table style={{...}}>
              <Colgroup colgroup={{...}} columns={{...}}>
                <colgroup>
                  <col style={{...}} />
                  <col style={{...}} />
                  <col style={{...}} />
                  <col style={{...}} />
                </colgroup>
              </Colgroup>
              <Thead keygen=\\"id\\" onChange={[undefined]} sorter={{...}} onSortChange={[Function: bound handleSortChange]} initValidate={false} datum={{...}} className=\\"\\" type=\\"default\\" rowsInView={20} fixed=\\"y\\" loading={[undefined]} height={[undefined]} width={[undefined]} data={{...}} columns={{...}} scrollLeft={0} striped={[undefined]} rowHeight={40} showSelectAll={true}>
                <thead>
                  <tr>
                    <th className=\\"\\" rowSpan={1}>
                      id
                    </th>
                    <th className=\\"\\" rowSpan={1}>
                      Name
                    </th>
                    <th className=\\"\\" rowSpan={1}>
                      Country
                    </th>
                    <th className=\\"\\" rowSpan={1}>
                      Position
                    </th>
                  </tr>
                </thead>
              </Thead>
            </table>
          </div>
          <_class scrollTop={0} scroll=\\"y\\" scrollHeight={40} scrollWidth={0} onScroll={[Function: bound handleScroll]} className=\\"so-table-body so-table-float-right so-table-scroll-y\\">
            <Scroll scrollTop={0} scroll=\\"y\\" scrollHeight={40} scrollWidth={0} onScroll={[Function: bound handleScroll]} className=\\"so-table-body so-table-float-right so-table-scroll-y\\" left={0} top={0} scrollX={false} scrollY={true} size=\\"default\\" style={{...}} type=\\"default\\">
              <div onWheel={[Function: bound handleWheel]} style={{...}} className=\\"so-scroll so-scroll-show-y so-table-body so-table-float-right so-table-scroll-y\\">
                <iframe title=\\"scroll\\" className=\\"so-scroll-iframe\\" />
                <div className=\\"so-scroll-iframe\\" />
                <div className=\\"so-scroll-inner\\">
                  <div className=\\"so-table-scroll-inner\\" style={{...}}>
                    <div style={{...}} />
                    <table style={{...}}>
                      <Colgroup colgroup={{...}} columns={{...}}>
                        <colgroup>
                          <col style={{...}} />
                          <col style={{...}} />
                          <col style={{...}} />
                          <col style={{...}} />
                        </colgroup>
                      </Colgroup>
                      <Tbody keygen=\\"id\\" onChange={[undefined]} sorter={{...}} onSortChange={[Function: bound handleSortChange]} initValidate={false} datum={{...}} className=\\"\\" type=\\"default\\" loading={[undefined]} height={[undefined]} scrollLeft={0} striped={[undefined]} columns={{...}} onBodyRender={[Function: bound handleColgroup]} index={0} offsetLeft={[undefined]} offsetRight={[undefined]} data={{...}} setRowHeight={[Function: bound setRowHeight]} hasNotRenderRows={false}>
                        <tbody>
                          <ShineoutTr onChange={[undefined]} onSortChange={[Function: bound handleSortChange]} initValidate={false} datum={{...}} className=\\"\\" type=\\"default\\" loading={[undefined]} height={[undefined]} scrollLeft={0} striped={[undefined]} onBodyRender={[Function: bound handleColgroup]} offsetLeft={[undefined]} offsetRight={[undefined]} setRowHeight={[Function: bound setRowHeight]} hasNotRenderRows={false} index={0} data={{...}} rowData={{...}} columns={{...}} rowKey={0} onExpand={[Function: bound handleExpand]} expandRender={[undefined]}>
                            <tr onClick={[Function: bound handleRowClick]} className=\\"so-table-normal\\">
                              <Td onChange={[undefined]} onSortChange={[Function: bound handleSortChange]} initValidate={false} datum={{...}} className={[undefined]} type={[undefined]} loading={[undefined]} height={[undefined]} scrollLeft={0} onBodyRender={[Function: bound handleColgroup]} setRowHeight={[Function: bound setRowHeight]} rowKey={0} onExpand={[Function: bound handleExpand]} expanded={false} expandClick={[undefined]} style={{...}} fixed=\\"\\" firstFixed={[undefined]} lastFixed={[undefined]} render=\\"id\\" index={0} data={{...}} expandKeys={[undefined]} colSpan={1}>
                                <td style={{...}} className=\\"\\" rowSpan={[undefined]} colSpan={1}>
                                  0
                                </td>
                              </Td>
                              <Td onChange={[undefined]} onSortChange={[Function: bound handleSortChange]} initValidate={false} datum={{...}} className={[undefined]} type={[undefined]} loading={[undefined]} height={[undefined]} scrollLeft={0} onBodyRender={[Function: bound handleColgroup]} setRowHeight={[Function: bound setRowHeight]} rowKey={0} onExpand={[Function: bound handleExpand]} expanded={false} expandClick={[undefined]} style={{...}} fixed=\\"\\" firstFixed={[undefined]} lastFixed={[undefined]} render={[Function: render]} index={0} data={{...}} expandKeys={[undefined]} colSpan={1}>
                                <td style={{...}} className=\\"\\" rowSpan={[undefined]} colSpan={1}>
                                  name0 name0
                                </td>
                              </Td>
                              <Td onChange={[undefined]} onSortChange={[Function: bound handleSortChange]} initValidate={false} datum={{...}} className={[undefined]} type={[undefined]} loading={[undefined]} height={[undefined]} scrollLeft={0} onBodyRender={[Function: bound handleColgroup]} setRowHeight={[Function: bound setRowHeight]} rowKey={0} onExpand={[Function: bound handleExpand]} expanded={false} expandClick={[undefined]} style={{...}} fixed=\\"\\" firstFixed={[undefined]} lastFixed={[undefined]} render=\\"country\\" index={0} data={{...}} expandKeys={[undefined]} colSpan={1}>
                                <td style={{...}} className=\\"\\" rowSpan={[undefined]} colSpan={1}>
                                  country
                                </td>
                              </Td>
                              <Td onChange={[undefined]} onSortChange={[Function: bound handleSortChange]} initValidate={false} datum={{...}} className={[undefined]} type={[undefined]} loading={[undefined]} height={[undefined]} scrollLeft={0} onBodyRender={[Function: bound handleColgroup]} setRowHeight={[Function: bound setRowHeight]} rowKey={0} onExpand={[Function: bound handleExpand]} expanded={false} expandClick={[undefined]} style={{...}} fixed=\\"\\" firstFixed={[undefined]} lastFixed={[undefined]} render=\\"position\\" index={0} data={{...}} expandKeys={[undefined]} colSpan={1}>
                                <td style={{...}} className=\\"\\" rowSpan={[undefined]} colSpan={1}>
                                  position
                                </td>
                              </Td>
                            </tr>
                          </ShineoutTr>
                        </tbody>
                      </Tbody>
                    </table>
                  </div>
                </div>
                <FixedLength direction=\\"y\\"  forceHeight={[undefined]} scrollLength={40} offset={0} onScroll={[Function: bound handleScrollY]}>
                  <ScrollBar direction=\\"y\\" length={0} forceHeight={[undefined]} scrollLength={40} offset={0} onScroll={[Function: bound handleScrollY]} barLength={20}>
                    <div className=\\"so-scroll-bar so-scroll-y so-scroll-show so-scroll-padding-y\\" style={{...}} onMouseDown={[Function: bound handleBgClick]}>
                      <div className=\\"so-scroll-handle\\" onMouseDown={[Function: bound handleBarClick]} style={{...}} />
                    </div>
                  </ScrollBar>
                </FixedLength>
              </div>
            </Scroll>
          </_class>
        </SeperateTable>
      </div>
    </Table>
  </_class>
</ShineoutTable>"
`;

exports[`Table[Fixed-Header] should fixed header with many columns 1`] = `
"<ShineoutTable fixed=\\"both\\" keygen=\\"id\\" width={1500} height={300} columns={{...}} bordered={true} data={{...}}>
  <_class fixed=\\"both\\" keygen=\\"id\\" width={1500} height={300} bordered={true} data={{...}} onChange={[undefined]} columns={{...}} sorter={{...}} onSortChange={[Function: bound handleSortChange]} initValidate={false}>
    <Table fixed=\\"both\\" keygen=\\"id\\" width={1500} height={300} bordered={true} data={{...}} onChange={[undefined]} columns={{...}} sorter={{...}} onSortChange={[Function: bound handleSortChange]} initValidate={false} datum={{...}} className=\\"\\" size=\\"default\\" style={{...}} type=\\"default\\" hover={true} rowsInView={20} verticalAlign=\\"top\\">
      <div className=\\"so-table so-table-default so-table-hover so-table-bordered so-table-fixed so-table-vertical-top\\" style={{...}}>
        <SeperateTable keygen=\\"id\\" onChange={[undefined]} sorter={{...}} onSortChange={[Function: bound handleSortChange]} initValidate={false} datum={{...}} className=\\"\\" type=\\"default\\" rowsInView={20} fixed=\\"both\\" loading={[undefined]} height={300} width={1500} data={{...}} columns={{...}} scrollLeft={0} striped={[undefined]} rowHeight={40}>
          <div className=\\"so-table-head so-table-float-right so-table-scroll-y\\">
            <table style={{...}}>
              <Colgroup colgroup={{...}} columns={{...}}>
                <colgroup>
                  <col style={{...}} />
                  <col style={{...}} />
                  <col style={{...}} />
                  <col style={{...}} />
                  <col style={{...}} />
                  <col style={{...}} />
                </colgroup>
              </Colgroup>
              <Thead keygen=\\"id\\" onChange={[undefined]} sorter={{...}} onSortChange={[Function: bound handleSortChange]} initValidate={false} datum={{...}} className=\\"\\" type=\\"default\\" rowsInView={20} fixed=\\"both\\" loading={[undefined]} height={300} width={1500} data={{...}} columns={{...}} scrollLeft={0} striped={[undefined]} rowHeight={40} showSelectAll={true}>
                <thead>
                  <tr>
                    <th className=\\"\\" rowSpan={1}>
                      id
                    </th>
                    <th className=\\"\\" rowSpan={1}>
                      Name
                    </th>
                    <th className=\\"\\" rowSpan={1}>
                      Country
                    </th>
                    <th className=\\"\\" rowSpan={1}>
                      Position
                    </th>
                    <th className=\\"\\" rowSpan={1}>
                      Office
                    </th>
                    <th className=\\"\\" rowSpan={1}>
                      Start Date
                    </th>
                  </tr>
                </thead>
              </Thead>
            </table>
          </div>
          <_class scrollTop={0} scroll=\\"both\\" scrollHeight={40} scrollWidth={1500} onScroll={[Function: bound handleScroll]} className=\\"so-table-body so-table-float-right so-table-scroll-y\\">
            <Scroll scrollTop={0} scroll=\\"both\\" scrollHeight={40} scrollWidth={1500} onScroll={[Function: bound handleScroll]} className=\\"so-table-body so-table-float-right so-table-scroll-y\\" left={0} top={0} scrollX={true} scrollY={true} size=\\"default\\" style={{...}} type=\\"default\\">
              <div onWheel={[Function: bound handleWheel]} style={{...}} className=\\"so-scroll so-scroll-show-x so-scroll-show-y so-table-body so-table-float-right so-table-scroll-y\\">
                <iframe title=\\"scroll\\" className=\\"so-scroll-iframe\\" />
                <div className=\\"so-scroll-iframe\\" />
                <div className=\\"so-scroll-inner\\">
                  <div className=\\"so-table-scroll-inner\\" style={{...}}>
                    <div style={{...}} />
                    <table style={{...}}>
                      <Colgroup colgroup={{...}} columns={{...}}>
                        <colgroup>
                          <col style={{...}} />
                          <col style={{...}} />
                          <col style={{...}} />
                          <col style={{...}} />
                          <col style={{...}} />
                          <col style={{...}} />
                        </colgroup>
                      </Colgroup>
                      <Tbody keygen=\\"id\\" onChange={[undefined]} sorter={{...}} onSortChange={[Function: bound handleSortChange]} initValidate={false} datum={{...}} className=\\"\\" type=\\"default\\" loading={[undefined]} height={300} scrollLeft={0} striped={[undefined]} columns={{...}} onBodyRender={[Function: bound handleColgroup]} index={0} offsetLeft={[undefined]} offsetRight={[undefined]} data={{...}} setRowHeight={[Function: bound setRowHeight]} hasNotRenderRows={false}>
                        <tbody>
                          <ShineoutTr onChange={[undefined]} onSortChange={[Function: bound handleSortChange]} initValidate={false} datum={{...}} className=\\"\\" type=\\"default\\" loading={[undefined]} height={300} scrollLeft={0} striped={[undefined]} onBodyRender={[Function: bound handleColgroup]} offsetLeft={[undefined]} offsetRight={[undefined]} setRowHeight={[Function: bound setRowHeight]} hasNotRenderRows={false} index={0} data={{...}} rowData={{...}} columns={{...}} rowKey={0} onExpand={[Function: bound handleExpand]} expandRender={[undefined]}>
                            <tr onClick={[Function: bound handleRowClick]} className=\\"so-table-normal\\">
                              <Td onChange={[undefined]} onSortChange={[Function: bound handleSortChange]} initValidate={false} datum={{...}} className={[undefined]} type={[undefined]} loading={[undefined]} height={300} scrollLeft={0} onBodyRender={[Function: bound handleColgroup]} setRowHeight={[Function: bound setRowHeight]} rowKey={0} onExpand={[Function: bound handleExpand]} expanded={false} expandClick={[undefined]} style={{...}} fixed=\\"\\" firstFixed={[undefined]} lastFixed={[undefined]} render=\\"id\\" index={0} data={{...}} expandKeys={[undefined]} colSpan={1}>
                                <td style={{...}} className=\\"\\" rowSpan={[undefined]} colSpan={1}>
                                  0
                                </td>
                              </Td>
                              <Td onChange={[undefined]} onSortChange={[Function: bound handleSortChange]} initValidate={false} datum={{...}} className={[undefined]} type={[undefined]} loading={[undefined]} height={300} scrollLeft={0} onBodyRender={[Function: bound handleColgroup]} setRowHeight={[Function: bound setRowHeight]} rowKey={0} onExpand={[Function: bound handleExpand]} expanded={false} expandClick={[undefined]} style={{...}} fixed=\\"\\" firstFixed={[undefined]} lastFixed={[undefined]} render={[Function: render]} index={0} data={{...}} expandKeys={[undefined]} colSpan={1}>
                                <td style={{...}} className=\\"\\" rowSpan={[undefined]} colSpan={1}>
                                  name0 name0
                                </td>
                              </Td>
                              <Td onChange={[undefined]} onSortChange={[Function: bound handleSortChange]} initValidate={false} datum={{...}} className={[undefined]} type={[undefined]} loading={[undefined]} height={300} scrollLeft={0} onBodyRender={[Function: bound handleColgroup]} setRowHeight={[Function: bound setRowHeight]} rowKey={0} onExpand={[Function: bound handleExpand]} expanded={false} expandClick={[undefined]} style={{...}} fixed=\\"\\" firstFixed={[undefined]} lastFixed={[undefined]} render=\\"country\\" index={0} data={{...}} expandKeys={[undefined]} colSpan={1}>
                                <td style={{...}} className=\\"\\" rowSpan={[undefined]} colSpan={1}>
                                  country
                                </td>
                              </Td>
                              <Td onChange={[undefined]} onSortChange={[Function: bound handleSortChange]} initValidate={false} datum={{...}} className={[undefined]} type={[undefined]} loading={[undefined]} height={300} scrollLeft={0} onBodyRender={[Function: bound handleColgroup]} setRowHeight={[Function: bound setRowHeight]} rowKey={0} onExpand={[Function: bound handleExpand]} expanded={false} expandClick={[undefined]} style={{...}} fixed=\\"\\" firstFixed={[undefined]} lastFixed={[undefined]} render=\\"position\\" index={0} data={{...}} expandKeys={[undefined]} colSpan={1}>
                                <td style={{...}} className=\\"\\" rowSpan={[undefined]} colSpan={1}>
                                  position
                                </td>
                              </Td>
                              <Td onChange={[undefined]} onSortChange={[Function: bound handleSortChange]} initValidate={false} datum={{...}} className={[undefined]} type={[undefined]} loading={[undefined]} height={300} scrollLeft={0} onBodyRender={[Function: bound handleColgroup]} setRowHeight={[Function: bound setRowHeight]} rowKey={0} onExpand={[Function: bound handleExpand]} expanded={false} expandClick={[undefined]} style={{...}} fixed=\\"\\" firstFixed={[undefined]} lastFixed={[undefined]} render=\\"office\\" index={0} data={{...}} expandKeys={[undefined]} colSpan={1}>
                                <td style={{...}} className=\\"\\" rowSpan={[undefined]} colSpan={1}>
                                  office
                                </td>
                              </Td>
                              <Td onChange={[undefined]} onSortChange={[Function: bound handleSortChange]} initValidate={false} datum={{...}} className={[undefined]} type={[undefined]} loading={[undefined]} height={300} scrollLeft={0} onBodyRender={[Function: bound handleColgroup]} setRowHeight={[Function: bound setRowHeight]} rowKey={0} onExpand={[Function: bound handleExpand]} expanded={false} expandClick={[undefined]} style={{...}} fixed=\\"\\" firstFixed={[undefined]} lastFixed={[undefined]} render=\\"start\\" index={0} data={{...}} expandKeys={[undefined]} colSpan={1}>
                                <td style={{...}} className=\\"\\" rowSpan={[undefined]} colSpan={1}>
                                  start
                                </td>
                              </Td>
                            </tr>
                          </ShineoutTr>
                        </tbody>
                      </Tbody>
                    </table>
                  </div>
                </div>
                <FixedLength direction=\\"y\\" length={-12} forceHeight={[undefined]} scrollLength={40} offset={0} onScroll={[Function: bound handleScrollY]}>
                  <ScrollBar direction=\\"y\\" length={-12} forceHeight={[undefined]} scrollLength={40} offset={0} onScroll={[Function: bound handleScrollY]} barLength={20}>
                    <div className=\\"so-scroll-bar so-scroll-y so-scroll-show so-scroll-padding-y\\" style={{...}} onMouseDown={[Function: bound handleBgClick]}>
                      <div className=\\"so-scroll-handle\\" onMouseDown={[Function: bound handleBarClick]} style={{...}} />
                    </div>
                  </ScrollBar>
                </FixedLength>
                <FixedLength direction=\\"x\\" length={-12} scrollLength={1500} offset={0} onScroll={[Function: bound handleScrollX]}>
                  <ScrollBar direction=\\"x\\" length={-12} scrollLength={1500} offset={0} onScroll={[Function: bound handleScrollX]} barLength={20}>
                    <div className=\\"so-scroll-bar so-scroll-x so-scroll-show so-scroll-padding-y\\" style={{...}} onMouseDown={[Function: bound handleBgClick]}>
                      <div className=\\"so-scroll-handle\\" onMouseDown={[Function: bound handleBarClick]} style={{...}} />
                    </div>
                  </ScrollBar>
                </FixedLength>
              </div>
            </Scroll>
          </_class>
        </SeperateTable>
      </div>
    </Table>
  </_class>
</ShineoutTable>"
`;
