// Jest Snapshot v1, https://goo.gl/fbAQLP

exports[`Table[expand] should render correct 1`] = `
"<ShineoutTable data={{...}} keygen=\\"id\\" columns={{...}}>
  <Component data={{...}} keygen=\\"id\\" columns={{...}} onChange={[undefined]} rawData={{...}} sorter={{...}} onSortChange={[Function: bound handleSortChange]} treeColumnsName={[undefined]} externalExpandRender={[undefined]} externalExpandClick={[undefined]}>
    <_class data={{...}} keygen=\\"id\\" columns={{...}} onChange={[undefined]} rawData={{...}} sorter={{...}} onSortChange={[Function: bound handleSortChange]} treeColumnsName={[undefined]} externalExpandRender={[undefined]} externalExpandClick={[undefined]} distinct={true} limit={0} initValidate={false}>
      <_class data={{...}} keygen=\\"id\\" columns={{...}} onChange={[undefined]} rawData={{...}} sorter={{...}} onSortChange={[Function: bound handleSortChange]} treeColumnsName={[undefined]} externalExpandRender={[undefined]} externalExpandClick={[undefined]} distinct={true} limit={0} initValidate={false} datum={{...}}>
        <Component data={{...}} keygen=\\"id\\" columns={{...}} onChange={[undefined]} rawData={{...}} sorter={{...}} onSortChange={[Function: bound handleSortChange]} treeColumnsName={[undefined]} externalExpandRender={[undefined]} externalExpandClick={[undefined]} distinct={true} limit={0} initValidate={false} datum={{...}} fixed={[undefined]} bindWrapper={[Function: bound bindWrapper]} resetFixAuto={[Function: bound resetAutoFixedState]}>
          <_class data={{...}} keygen=\\"id\\" columns={{...}} onChange={[undefined]} rawData={{...}} sorter={{...}} onSortChange={[Function: bound handleSortChange]} treeColumnsName={[undefined]} externalExpandRender={[undefined]} externalExpandClick={[undefined]} distinct={true} limit={0} initValidate={false} datum={{...}} fixed={[undefined]} bindWrapper={[Function: bound bindWrapper]} resetFixAuto={[Function: bound resetAutoFixedState]}>
            <Table data={{...}} keygen=\\"id\\" columns={{...}} onChange={[undefined]} rawData={{...}} sorter={{...}} onSortChange={[Function: bound handleSortChange]} treeColumnsName={[undefined]} externalExpandRender={[undefined]} externalExpandClick={[undefined]} distinct={true} limit={0} initValidate={false} datum={{...}} fixed={[undefined]} bindWrapper={[Function: bound bindWrapper]} resetFixAuto={[Function: bound resetAutoFixedState]} events={{...}} className=\\"\\" size=\\"default\\" style={{...}} type=\\"default\\" hover={true} rowsInView={20} verticalAlign=\\"top\\">
              <div className=\\"so-table so-table-default so-table-hover so-table-vertical-top\\" style={{...}}>
                <SimpleTable keygen=\\"id\\" onChange={[undefined]} rawData={{...}} sorter={{...}} onSortChange={[Function: bound handleSortChange]} treeColumnsName={[undefined]} externalExpandRender={[undefined]} externalExpandClick={[undefined]} distinct={true} limit={0} initValidate={false} datum={{...}} bindWrapper={[Function: bound bindWrapper]} resetFixAuto={[Function: bound resetAutoFixedState]} className=\\"\\" type=\\"default\\" rowsInView={10} fixed={[undefined]} loading={[undefined]} height={[undefined]} width={[undefined]} data={{...}} columns={{...}} striped={[undefined]} bordered={[undefined]} columnResizable={[undefined]}>
                  <div style={{...}} className=\\"so-table-head so-table-simple-head\\">
                    <table style={{...}}>
                      <Colgroup colgroup={[undefined]} columns={{...}} resizable={[undefined]}>
                        <colgroup>
                          <col style={{...}} />
                          <col style={{...}} />
                          <col style={{...}} />
                        </colgroup>
                      </Colgroup>
                      <Thead keygen=\\"id\\" onChange={[undefined]} rawData={{...}} sorter={{...}} onSortChange={[Function: bound handleSortChange]} treeColumnsName={[undefined]} externalExpandRender={[undefined]} externalExpandClick={[undefined]} distinct={true} limit={0} initValidate={false} datum={{...}} bindWrapper={[Function: bound bindWrapper]} resetFixAuto={[Function: bound resetAutoFixedState]} className=\\"\\" type=\\"default\\" rowsInView={10} fixed={[undefined]} loading={[undefined]} height={[undefined]} width={[undefined]} data={{...}} columns={{...}} striped={[undefined]} bordered={[undefined]} columnResizable={[undefined]} colgroup={[undefined]} onColChange={[undefined]} showSelectAll={true}>
                        <thead>
                          <tr>
                            <th className=\\"\\" rowSpan={1}>
                              <div className=\\"\\">
                                <span>
                                  id
                                </span>
                              </div>
                            </th>
                            <th className=\\"so-table-center so-table-condensed\\" colSpan={[undefined]} style={{...}} />
                            <th className=\\"\\" rowSpan={1}>
                              <div className=\\"\\">
                                <span>
                                  Name
                                </span>
                              </div>
                            </th>
                          </tr>
                        </thead>
                      </Thead>
                    </table>
                  </div>
                  <div className=\\"so-table-simple-body\\" onScroll={[Function: bound handleScroll]}>
                    <table style={{...}}>
                      <Colgroup colgroup={[undefined]} columns={{...}} resizable={[undefined]}>
                        <colgroup>
                          <col style={{...}} />
                          <col style={{...}} />
                          <col style={{...}} />
                        </colgroup>
                      </Colgroup>
                      <Tbody colgroup={[undefined]} lazy={false} index={0} columns={{...}} onBodyRender={[Function: bound handleColgroup]} resize={false} keygen=\\"id\\" onChange={[undefined]} rawData={{...}} sorter={{...}} onSortChange={[Function: bound handleSortChange]} treeColumnsName={[undefined]} externalExpandRender={[undefined]} externalExpandClick={[undefined]} distinct={true} limit={0} initValidate={false} datum={{...}} bindWrapper={[Function: bound bindWrapper]} resetFixAuto={[Function: bound resetAutoFixedState]} className=\\"\\" type=\\"default\\" rowsInView={10} loading={[undefined]} height={[undefined]} data={{...}} striped={[undefined]} bordered={[undefined]}>
                        <tbody>
                          <ShineoutTr lazy={false} onBodyRender={[Function: bound handleColgroup]} resize={false} onChange={[undefined]} rawData={{...}} onSortChange={[Function: bound handleSortChange]} treeColumnsName={[undefined]} externalExpandRender={[undefined]} externalExpandClick={[undefined]} distinct={true} limit={0} initValidate={false} datum={{...}} bindWrapper={[Function: bound bindWrapper]} resetFixAuto={[Function: bound resetAutoFixedState]} className=\\"\\" type=\\"default\\" rowsInView={10} loading={[undefined]} height={[undefined]} striped={[undefined]} bordered={[undefined]} index={0} originKey=\\"id0\\" data={{...}} rowData={{...}} columns={{...}} rowKey=\\"id0\\" onExpand={[Function: bound handleExpand]} expandRender={[Function]} rowClickAttr={{...}}>
                            <tr onClick={[Function: bound handleRowClick]} className=\\"so-table-normal\\">
                              <Td lazy={false} onBodyRender={[Function: bound handleColgroup]} resize={false} onChange={[undefined]} rawData={{...}} onSortChange={[Function: bound handleSortChange]} treeColumnsName={[undefined]} externalExpandRender={[undefined]} externalExpandClick={[undefined]} distinct={true} limit={0} initValidate={false} datum={{...}} bindWrapper={[Function: bound bindWrapper]} resetFixAuto={[Function: bound resetAutoFixedState]} className={[undefined]} type={[undefined]} rowsInView={10} loading={[undefined]} height={[undefined]} bordered={[undefined]} originKey=\\"id0\\" rowKey=\\"id0\\" onExpand={[Function: bound handleExpand]} rowClickAttr={{...}} expanded={true} treeExpand={false} treeExpandShow={false} expandClick={[undefined]} style={{...}} fixed=\\"\\" firstFixed={[undefined]} lastFixed={[undefined]} align=\\"left\\" render=\\"id\\" index={0} data={{...}} expandKeys={[undefined]} colSpan={1}>
                                <td style={{...}} className=\\"\\" rowSpan={[undefined]} colSpan={1}>
                                  id0
                                </td>
                              </Td>
                              <Td lazy={false} onBodyRender={[Function: bound handleColgroup]} resize={false} onChange={[undefined]} rawData={{...}} onSortChange={[Function: bound handleSortChange]} treeColumnsName={[undefined]} externalExpandRender={[undefined]} externalExpandClick={[undefined]} distinct={true} limit={0} initValidate={false} datum={{...}} bindWrapper={[Function: bound bindWrapper]} resetFixAuto={[Function: bound resetAutoFixedState]} className={[undefined]} type=\\"row-expand\\" rowsInView={10} loading={[undefined]} height={[undefined]} bordered={[undefined]} originKey=\\"id0\\" rowKey=\\"id0\\" onExpand={[Function: bound handleExpand]} rowClickAttr={{...}} expanded={true} treeExpand={false} treeExpandShow={false} expandClick={[undefined]} style={{...}} fixed=\\"\\" firstFixed={[undefined]} lastFixed={[undefined]} align=\\"left\\" render={[Function: render]} index={0} data={{...}} expandKeys={[undefined]} colSpan={1}>
                                <td style={{...}} className=\\"so-table-checkbox\\" rowSpan={[undefined]} colSpan={1}>
                                  <span className=\\"so-table-expand-indicator so-table-icon-expand-sub\\" onClick={[Function: bound handleExpandClick]} />
                                </td>
                              </Td>
                              <Td lazy={false} onBodyRender={[Function: bound handleColgroup]} resize={false} onChange={[undefined]} rawData={{...}} onSortChange={[Function: bound handleSortChange]} treeColumnsName={[undefined]} externalExpandRender={[undefined]} externalExpandClick={[undefined]} distinct={true} limit={0} initValidate={false} datum={{...}} bindWrapper={[Function: bound bindWrapper]} resetFixAuto={[Function: bound resetAutoFixedState]} className={[undefined]} type={[undefined]} rowsInView={10} loading={[undefined]} height={[undefined]} bordered={[undefined]} originKey=\\"id0\\" rowKey=\\"id0\\" onExpand={[Function: bound handleExpand]} rowClickAttr={{...}} expanded={true} treeExpand={false} treeExpandShow={false} expandClick={[undefined]} style={{...}} fixed=\\"\\" firstFixed={[undefined]} lastFixed={[undefined]} align=\\"left\\" render={[Function: render]} index={0} data={{...}} expandKeys={[undefined]} colSpan={1}>
                                <td style={{...}} className=\\"\\" rowSpan={[undefined]} colSpan={1}>
                                  first last
                                </td>
                              </Td>
                            </tr>
                            <Expand setExpandHeight={[Function: bound setExpandHeight]} colSpan={3}>
                              <tr>
                                <td style={{...}} colSpan={3}>
                                  <iframe title=\\"scroll\\" style={{...}} />
                                  <div>
                                    {&quot;id&quot;:&quot;id0&quot;,&quot;firstName&quot;:&quot;first&quot;,&quot;lastName&quot;:&quot;last&quot;}
                                  </div>
                                </td>
                              </tr>
                            </Expand>
                          </ShineoutTr>
                          <ShineoutTr lazy={false} onBodyRender={[Function: bound handleColgroup]} resize={false} onChange={[undefined]} rawData={{...}} onSortChange={[Function: bound handleSortChange]} treeColumnsName={[undefined]} externalExpandRender={[undefined]} externalExpandClick={[undefined]} distinct={true} limit={0} initValidate={false} datum={{...}} bindWrapper={[Function: bound bindWrapper]} resetFixAuto={[Function: bound resetAutoFixedState]} className=\\"\\" type=\\"default\\" rowsInView={10} loading={[undefined]} height={[undefined]} striped={[undefined]} bordered={[undefined]} index={1} originKey=\\"id1\\" data={{...}} rowData={{...}} columns={{...}} rowKey=\\"id1\\" onExpand={[Function: bound handleExpand]} expandRender={[Function]} rowClickAttr={{...}}>
                            <tr onClick={[Function: bound handleRowClick]} className=\\"so-table-normal\\">
                              <Td lazy={false} onBodyRender={[Function: bound handleColgroup]} resize={false} onChange={[undefined]} rawData={{...}} onSortChange={[Function: bound handleSortChange]} treeColumnsName={[undefined]} externalExpandRender={[undefined]} externalExpandClick={[undefined]} distinct={true} limit={0} initValidate={false} datum={{...}} bindWrapper={[Function: bound bindWrapper]} resetFixAuto={[Function: bound resetAutoFixedState]} className={[undefined]} type={[undefined]} rowsInView={10} loading={[undefined]} height={[undefined]} bordered={[undefined]} originKey=\\"id1\\" rowKey=\\"id1\\" onExpand={[Function: bound handleExpand]} rowClickAttr={{...}} expanded={true} treeExpand={false} treeExpandShow={false} expandClick={[undefined]} style={{...}} fixed=\\"\\" firstFixed={[undefined]} lastFixed={[undefined]} align=\\"left\\" render=\\"id\\" index={1} data={{...}} expandKeys={[undefined]} colSpan={1}>
                                <td style={{...}} className=\\"\\" rowSpan={[undefined]} colSpan={1}>
                                  id1
                                </td>
                              </Td>
                              <Td lazy={false} onBodyRender={[Function: bound handleColgroup]} resize={false} onChange={[undefined]} rawData={{...}} onSortChange={[Function: bound handleSortChange]} treeColumnsName={[undefined]} externalExpandRender={[undefined]} externalExpandClick={[undefined]} distinct={true} limit={0} initValidate={false} datum={{...}} bindWrapper={[Function: bound bindWrapper]} resetFixAuto={[Function: bound resetAutoFixedState]} className={[undefined]} type=\\"row-expand\\" rowsInView={10} loading={[undefined]} height={[undefined]} bordered={[undefined]} originKey=\\"id1\\" rowKey=\\"id1\\" onExpand={[Function: bound handleExpand]} rowClickAttr={{...}} expanded={true} treeExpand={false} treeExpandShow={false} expandClick={[undefined]} style={{...}} fixed=\\"\\" firstFixed={[undefined]} lastFixed={[undefined]} align=\\"left\\" render={[Function: render]} index={1} data={{...}} expandKeys={[undefined]} colSpan={1}>
                                <td style={{...}} className=\\"so-table-checkbox\\" rowSpan={[undefined]} colSpan={1}>
                                  <span className=\\"so-table-expand-indicator so-table-icon-expand-sub\\" onClick={[Function: bound handleExpandClick]} />
                                </td>
                              </Td>
                              <Td lazy={false} onBodyRender={[Function: bound handleColgroup]} resize={false} onChange={[undefined]} rawData={{...}} onSortChange={[Function: bound handleSortChange]} treeColumnsName={[undefined]} externalExpandRender={[undefined]} externalExpandClick={[undefined]} distinct={true} limit={0} initValidate={false} datum={{...}} bindWrapper={[Function: bound bindWrapper]} resetFixAuto={[Function: bound resetAutoFixedState]} className={[undefined]} type={[undefined]} rowsInView={10} loading={[undefined]} height={[undefined]} bordered={[undefined]} originKey=\\"id1\\" rowKey=\\"id1\\" onExpand={[Function: bound handleExpand]} rowClickAttr={{...}} expanded={true} treeExpand={false} treeExpandShow={false} expandClick={[undefined]} style={{...}} fixed=\\"\\" firstFixed={[undefined]} lastFixed={[undefined]} align=\\"left\\" render={[Function: render]} index={1} data={{...}} expandKeys={[undefined]} colSpan={1}>
                                <td style={{...}} className=\\"\\" rowSpan={[undefined]} colSpan={1}>
                                  first last
                                </td>
                              </Td>
                            </tr>
                            <Expand setExpandHeight={[Function: bound setExpandHeight]} colSpan={3}>
                              <tr>
                                <td style={{...}} colSpan={3}>
                                  <iframe title=\\"scroll\\" style={{...}} />
                                  <div>
                                    {&quot;id&quot;:&quot;id1&quot;,&quot;firstName&quot;:&quot;first&quot;,&quot;lastName&quot;:&quot;last&quot;}
                                  </div>
                                </td>
                              </tr>
                            </Expand>
                          </ShineoutTr>
                          <ShineoutTr lazy={false} onBodyRender={[Function: bound handleColgroup]} resize={false} onChange={[undefined]} rawData={{...}} onSortChange={[Function: bound handleSortChange]} treeColumnsName={[undefined]} externalExpandRender={[undefined]} externalExpandClick={[undefined]} distinct={true} limit={0} initValidate={false} datum={{...}} bindWrapper={[Function: bound bindWrapper]} resetFixAuto={[Function: bound resetAutoFixedState]} className=\\"\\" type=\\"default\\" rowsInView={10} loading={[undefined]} height={[undefined]} striped={[undefined]} bordered={[undefined]} index={2} originKey=\\"id2\\" data={{...}} rowData={{...}} columns={{...}} rowKey=\\"id2\\" onExpand={[Function: bound handleExpand]} expandRender={[Function]} rowClickAttr={{...}}>
                            <tr onClick={[Function: bound handleRowClick]} className=\\"so-table-normal\\">
                              <Td lazy={false} onBodyRender={[Function: bound handleColgroup]} resize={false} onChange={[undefined]} rawData={{...}} onSortChange={[Function: bound handleSortChange]} treeColumnsName={[undefined]} externalExpandRender={[undefined]} externalExpandClick={[undefined]} distinct={true} limit={0} initValidate={false} datum={{...}} bindWrapper={[Function: bound bindWrapper]} resetFixAuto={[Function: bound resetAutoFixedState]} className={[undefined]} type={[undefined]} rowsInView={10} loading={[undefined]} height={[undefined]} bordered={[undefined]} originKey=\\"id2\\" rowKey=\\"id2\\" onExpand={[Function: bound handleExpand]} rowClickAttr={{...}} expanded={true} treeExpand={false} treeExpandShow={false} expandClick={[undefined]} style={{...}} fixed=\\"\\" firstFixed={[undefined]} lastFixed={[undefined]} align=\\"left\\" render=\\"id\\" index={2} data={{...}} expandKeys={[undefined]} colSpan={1}>
                                <td style={{...}} className=\\"\\" rowSpan={[undefined]} colSpan={1}>
                                  id2
                                </td>
                              </Td>
                              <Td lazy={false} onBodyRender={[Function: bound handleColgroup]} resize={false} onChange={[undefined]} rawData={{...}} onSortChange={[Function: bound handleSortChange]} treeColumnsName={[undefined]} externalExpandRender={[undefined]} externalExpandClick={[undefined]} distinct={true} limit={0} initValidate={false} datum={{...}} bindWrapper={[Function: bound bindWrapper]} resetFixAuto={[Function: bound resetAutoFixedState]} className={[undefined]} type=\\"row-expand\\" rowsInView={10} loading={[undefined]} height={[undefined]} bordered={[undefined]} originKey=\\"id2\\" rowKey=\\"id2\\" onExpand={[Function: bound handleExpand]} rowClickAttr={{...}} expanded={true} treeExpand={false} treeExpandShow={false} expandClick={[undefined]} style={{...}} fixed=\\"\\" firstFixed={[undefined]} lastFixed={[undefined]} align=\\"left\\" render={[Function: render]} index={2} data={{...}} expandKeys={[undefined]} colSpan={1}>
                                <td style={{...}} className=\\"so-table-checkbox\\" rowSpan={[undefined]} colSpan={1}>
                                  <span className=\\"so-table-expand-indicator so-table-icon-expand-sub\\" onClick={[Function: bound handleExpandClick]} />
                                </td>
                              </Td>
                              <Td lazy={false} onBodyRender={[Function: bound handleColgroup]} resize={false} onChange={[undefined]} rawData={{...}} onSortChange={[Function: bound handleSortChange]} treeColumnsName={[undefined]} externalExpandRender={[undefined]} externalExpandClick={[undefined]} distinct={true} limit={0} initValidate={false} datum={{...}} bindWrapper={[Function: bound bindWrapper]} resetFixAuto={[Function: bound resetAutoFixedState]} className={[undefined]} type={[undefined]} rowsInView={10} loading={[undefined]} height={[undefined]} bordered={[undefined]} originKey=\\"id2\\" rowKey=\\"id2\\" onExpand={[Function: bound handleExpand]} rowClickAttr={{...}} expanded={true} treeExpand={false} treeExpandShow={false} expandClick={[undefined]} style={{...}} fixed=\\"\\" firstFixed={[undefined]} lastFixed={[undefined]} align=\\"left\\" render={[Function: render]} index={2} data={{...}} expandKeys={[undefined]} colSpan={1}>
                                <td style={{...}} className=\\"\\" rowSpan={[undefined]} colSpan={1}>
                                  first last
                                </td>
                              </Td>
                            </tr>
                            <Expand setExpandHeight={[Function: bound setExpandHeight]} colSpan={3}>
                              <tr>
                                <td style={{...}} colSpan={3}>
                                  <iframe title=\\"scroll\\" style={{...}} />
                                  <div>
                                    {&quot;id&quot;:&quot;id2&quot;,&quot;firstName&quot;:&quot;first&quot;,&quot;lastName&quot;:&quot;last&quot;}
                                  </div>
                                </td>
                              </tr>
                            </Expand>
                          </ShineoutTr>
                          <ShineoutTr lazy={false} onBodyRender={[Function: bound handleColgroup]} resize={false} onChange={[undefined]} rawData={{...}} onSortChange={[Function: bound handleSortChange]} treeColumnsName={[undefined]} externalExpandRender={[undefined]} externalExpandClick={[undefined]} distinct={true} limit={0} initValidate={false} datum={{...}} bindWrapper={[Function: bound bindWrapper]} resetFixAuto={[Function: bound resetAutoFixedState]} className=\\"\\" type=\\"default\\" rowsInView={10} loading={[undefined]} height={[undefined]} striped={[undefined]} bordered={[undefined]} index={3} originKey=\\"id3\\" data={{...}} rowData={{...}} columns={{...}} rowKey=\\"id3\\" onExpand={[Function: bound handleExpand]} expandRender={[Function]} rowClickAttr={{...}}>
                            <tr onClick={[Function: bound handleRowClick]} className=\\"so-table-normal\\">
                              <Td lazy={false} onBodyRender={[Function: bound handleColgroup]} resize={false} onChange={[undefined]} rawData={{...}} onSortChange={[Function: bound handleSortChange]} treeColumnsName={[undefined]} externalExpandRender={[undefined]} externalExpandClick={[undefined]} distinct={true} limit={0} initValidate={false} datum={{...}} bindWrapper={[Function: bound bindWrapper]} resetFixAuto={[Function: bound resetAutoFixedState]} className={[undefined]} type={[undefined]} rowsInView={10} loading={[undefined]} height={[undefined]} bordered={[undefined]} originKey=\\"id3\\" rowKey=\\"id3\\" onExpand={[Function: bound handleExpand]} rowClickAttr={{...}} expanded={true} treeExpand={false} treeExpandShow={false} expandClick={[undefined]} style={{...}} fixed=\\"\\" firstFixed={[undefined]} lastFixed={[undefined]} align=\\"left\\" render=\\"id\\" index={3} data={{...}} expandKeys={[undefined]} colSpan={1}>
                                <td style={{...}} className=\\"\\" rowSpan={[undefined]} colSpan={1}>
                                  id3
                                </td>
                              </Td>
                              <Td lazy={false} onBodyRender={[Function: bound handleColgroup]} resize={false} onChange={[undefined]} rawData={{...}} onSortChange={[Function: bound handleSortChange]} treeColumnsName={[undefined]} externalExpandRender={[undefined]} externalExpandClick={[undefined]} distinct={true} limit={0} initValidate={false} datum={{...}} bindWrapper={[Function: bound bindWrapper]} resetFixAuto={[Function: bound resetAutoFixedState]} className={[undefined]} type=\\"row-expand\\" rowsInView={10} loading={[undefined]} height={[undefined]} bordered={[undefined]} originKey=\\"id3\\" rowKey=\\"id3\\" onExpand={[Function: bound handleExpand]} rowClickAttr={{...}} expanded={true} treeExpand={false} treeExpandShow={false} expandClick={[undefined]} style={{...}} fixed=\\"\\" firstFixed={[undefined]} lastFixed={[undefined]} align=\\"left\\" render={[Function: render]} index={3} data={{...}} expandKeys={[undefined]} colSpan={1}>
                                <td style={{...}} className=\\"so-table-checkbox\\" rowSpan={[undefined]} colSpan={1}>
                                  <span className=\\"so-table-expand-indicator so-table-icon-expand-sub\\" onClick={[Function: bound handleExpandClick]} />
                                </td>
                              </Td>
                              <Td lazy={false} onBodyRender={[Function: bound handleColgroup]} resize={false} onChange={[undefined]} rawData={{...}} onSortChange={[Function: bound handleSortChange]} treeColumnsName={[undefined]} externalExpandRender={[undefined]} externalExpandClick={[undefined]} distinct={true} limit={0} initValidate={false} datum={{...}} bindWrapper={[Function: bound bindWrapper]} resetFixAuto={[Function: bound resetAutoFixedState]} className={[undefined]} type={[undefined]} rowsInView={10} loading={[undefined]} height={[undefined]} bordered={[undefined]} originKey=\\"id3\\" rowKey=\\"id3\\" onExpand={[Function: bound handleExpand]} rowClickAttr={{...}} expanded={true} treeExpand={false} treeExpandShow={false} expandClick={[undefined]} style={{...}} fixed=\\"\\" firstFixed={[undefined]} lastFixed={[undefined]} align=\\"left\\" render={[Function: render]} index={3} data={{...}} expandKeys={[undefined]} colSpan={1}>
                                <td style={{...}} className=\\"\\" rowSpan={[undefined]} colSpan={1}>
                                  first last
                                </td>
                              </Td>
                            </tr>
                            <Expand setExpandHeight={[Function: bound setExpandHeight]} colSpan={3}>
                              <tr>
                                <td style={{...}} colSpan={3}>
                                  <iframe title=\\"scroll\\" style={{...}} />
                                  <div>
                                    {&quot;id&quot;:&quot;id3&quot;,&quot;firstName&quot;:&quot;first&quot;,&quot;lastName&quot;:&quot;last&quot;}
                                  </div>
                                </td>
                              </tr>
                            </Expand>
                          </ShineoutTr>
                          <ShineoutTr lazy={false} onBodyRender={[Function: bound handleColgroup]} resize={false} onChange={[undefined]} rawData={{...}} onSortChange={[Function: bound handleSortChange]} treeColumnsName={[undefined]} externalExpandRender={[undefined]} externalExpandClick={[undefined]} distinct={true} limit={0} initValidate={false} datum={{...}} bindWrapper={[Function: bound bindWrapper]} resetFixAuto={[Function: bound resetAutoFixedState]} className=\\"\\" type=\\"default\\" rowsInView={10} loading={[undefined]} height={[undefined]} striped={[undefined]} bordered={[undefined]} index={4} originKey=\\"id4\\" data={{...}} rowData={{...}} columns={{...}} rowKey=\\"id4\\" onExpand={[Function: bound handleExpand]} expandRender={[Function]} rowClickAttr={{...}}>
                            <tr onClick={[Function: bound handleRowClick]} className=\\"so-table-normal\\">
                              <Td lazy={false} onBodyRender={[Function: bound handleColgroup]} resize={false} onChange={[undefined]} rawData={{...}} onSortChange={[Function: bound handleSortChange]} treeColumnsName={[undefined]} externalExpandRender={[undefined]} externalExpandClick={[undefined]} distinct={true} limit={0} initValidate={false} datum={{...}} bindWrapper={[Function: bound bindWrapper]} resetFixAuto={[Function: bound resetAutoFixedState]} className={[undefined]} type={[undefined]} rowsInView={10} loading={[undefined]} height={[undefined]} bordered={[undefined]} originKey=\\"id4\\" rowKey=\\"id4\\" onExpand={[Function: bound handleExpand]} rowClickAttr={{...}} expanded={true} treeExpand={false} treeExpandShow={false} expandClick={[undefined]} style={{...}} fixed=\\"\\" firstFixed={[undefined]} lastFixed={[undefined]} align=\\"left\\" render=\\"id\\" index={4} data={{...}} expandKeys={[undefined]} colSpan={1}>
                                <td style={{...}} className=\\"\\" rowSpan={[undefined]} colSpan={1}>
                                  id4
                                </td>
                              </Td>
                              <Td lazy={false} onBodyRender={[Function: bound handleColgroup]} resize={false} onChange={[undefined]} rawData={{...}} onSortChange={[Function: bound handleSortChange]} treeColumnsName={[undefined]} externalExpandRender={[undefined]} externalExpandClick={[undefined]} distinct={true} limit={0} initValidate={false} datum={{...}} bindWrapper={[Function: bound bindWrapper]} resetFixAuto={[Function: bound resetAutoFixedState]} className={[undefined]} type=\\"row-expand\\" rowsInView={10} loading={[undefined]} height={[undefined]} bordered={[undefined]} originKey=\\"id4\\" rowKey=\\"id4\\" onExpand={[Function: bound handleExpand]} rowClickAttr={{...}} expanded={true} treeExpand={false} treeExpandShow={false} expandClick={[undefined]} style={{...}} fixed=\\"\\" firstFixed={[undefined]} lastFixed={[undefined]} align=\\"left\\" render={[Function: render]} index={4} data={{...}} expandKeys={[undefined]} colSpan={1}>
                                <td style={{...}} className=\\"so-table-checkbox\\" rowSpan={[undefined]} colSpan={1}>
                                  <span className=\\"so-table-expand-indicator so-table-icon-expand-sub\\" onClick={[Function: bound handleExpandClick]} />
                                </td>
                              </Td>
                              <Td lazy={false} onBodyRender={[Function: bound handleColgroup]} resize={false} onChange={[undefined]} rawData={{...}} onSortChange={[Function: bound handleSortChange]} treeColumnsName={[undefined]} externalExpandRender={[undefined]} externalExpandClick={[undefined]} distinct={true} limit={0} initValidate={false} datum={{...}} bindWrapper={[Function: bound bindWrapper]} resetFixAuto={[Function: bound resetAutoFixedState]} className={[undefined]} type={[undefined]} rowsInView={10} loading={[undefined]} height={[undefined]} bordered={[undefined]} originKey=\\"id4\\" rowKey=\\"id4\\" onExpand={[Function: bound handleExpand]} rowClickAttr={{...}} expanded={true} treeExpand={false} treeExpandShow={false} expandClick={[undefined]} style={{...}} fixed=\\"\\" firstFixed={[undefined]} lastFixed={[undefined]} align=\\"left\\" render={[Function: render]} index={4} data={{...}} expandKeys={[undefined]} colSpan={1}>
                                <td style={{...}} className=\\"\\" rowSpan={[undefined]} colSpan={1}>
                                  first last
                                </td>
                              </Td>
                            </tr>
                            <Expand setExpandHeight={[Function: bound setExpandHeight]} colSpan={3}>
                              <tr>
                                <td style={{...}} colSpan={3}>
                                  <iframe title=\\"scroll\\" style={{...}} />
                                  <div>
                                    {&quot;id&quot;:&quot;id4&quot;,&quot;firstName&quot;:&quot;first&quot;,&quot;lastName&quot;:&quot;last&quot;}
                                  </div>
                                </td>
                              </tr>
                            </Expand>
                          </ShineoutTr>
                          <ShineoutTr lazy={false} onBodyRender={[Function: bound handleColgroup]} resize={false} onChange={[undefined]} rawData={{...}} onSortChange={[Function: bound handleSortChange]} treeColumnsName={[undefined]} externalExpandRender={[undefined]} externalExpandClick={[undefined]} distinct={true} limit={0} initValidate={false} datum={{...}} bindWrapper={[Function: bound bindWrapper]} resetFixAuto={[Function: bound resetAutoFixedState]} className=\\"\\" type=\\"default\\" rowsInView={10} loading={[undefined]} height={[undefined]} striped={[undefined]} bordered={[undefined]} index={5} originKey=\\"id5\\" data={{...}} rowData={{...}} columns={{...}} rowKey=\\"id5\\" onExpand={[Function: bound handleExpand]} expandRender={[Function]} rowClickAttr={{...}}>
                            <tr onClick={[Function: bound handleRowClick]} className=\\"so-table-normal\\">
                              <Td lazy={false} onBodyRender={[Function: bound handleColgroup]} resize={false} onChange={[undefined]} rawData={{...}} onSortChange={[Function: bound handleSortChange]} treeColumnsName={[undefined]} externalExpandRender={[undefined]} externalExpandClick={[undefined]} distinct={true} limit={0} initValidate={false} datum={{...}} bindWrapper={[Function: bound bindWrapper]} resetFixAuto={[Function: bound resetAutoFixedState]} className={[undefined]} type={[undefined]} rowsInView={10} loading={[undefined]} height={[undefined]} bordered={[undefined]} originKey=\\"id5\\" rowKey=\\"id5\\" onExpand={[Function: bound handleExpand]} rowClickAttr={{...}} expanded={true} treeExpand={false} treeExpandShow={false} expandClick={[undefined]} style={{...}} fixed=\\"\\" firstFixed={[undefined]} lastFixed={[undefined]} align=\\"left\\" render=\\"id\\" index={5} data={{...}} expandKeys={[undefined]} colSpan={1}>
                                <td style={{...}} className=\\"\\" rowSpan={[undefined]} colSpan={1}>
                                  id5
                                </td>
                              </Td>
                              <Td lazy={false} onBodyRender={[Function: bound handleColgroup]} resize={false} onChange={[undefined]} rawData={{...}} onSortChange={[Function: bound handleSortChange]} treeColumnsName={[undefined]} externalExpandRender={[undefined]} externalExpandClick={[undefined]} distinct={true} limit={0} initValidate={false} datum={{...}} bindWrapper={[Function: bound bindWrapper]} resetFixAuto={[Function: bound resetAutoFixedState]} className={[undefined]} type=\\"row-expand\\" rowsInView={10} loading={[undefined]} height={[undefined]} bordered={[undefined]} originKey=\\"id5\\" rowKey=\\"id5\\" onExpand={[Function: bound handleExpand]} rowClickAttr={{...}} expanded={true} treeExpand={false} treeExpandShow={false} expandClick={[undefined]} style={{...}} fixed=\\"\\" firstFixed={[undefined]} lastFixed={[undefined]} align=\\"left\\" render={[Function: render]} index={5} data={{...}} expandKeys={[undefined]} colSpan={1}>
                                <td style={{...}} className=\\"so-table-checkbox\\" rowSpan={[undefined]} colSpan={1}>
                                  <span className=\\"so-table-expand-indicator so-table-icon-expand-sub\\" onClick={[Function: bound handleExpandClick]} />
                                </td>
                              </Td>
                              <Td lazy={false} onBodyRender={[Function: bound handleColgroup]} resize={false} onChange={[undefined]} rawData={{...}} onSortChange={[Function: bound handleSortChange]} treeColumnsName={[undefined]} externalExpandRender={[undefined]} externalExpandClick={[undefined]} distinct={true} limit={0} initValidate={false} datum={{...}} bindWrapper={[Function: bound bindWrapper]} resetFixAuto={[Function: bound resetAutoFixedState]} className={[undefined]} type={[undefined]} rowsInView={10} loading={[undefined]} height={[undefined]} bordered={[undefined]} originKey=\\"id5\\" rowKey=\\"id5\\" onExpand={[Function: bound handleExpand]} rowClickAttr={{...}} expanded={true} treeExpand={false} treeExpandShow={false} expandClick={[undefined]} style={{...}} fixed=\\"\\" firstFixed={[undefined]} lastFixed={[undefined]} align=\\"left\\" render={[Function: render]} index={5} data={{...}} expandKeys={[undefined]} colSpan={1}>
                                <td style={{...}} className=\\"\\" rowSpan={[undefined]} colSpan={1}>
                                  first last
                                </td>
                              </Td>
                            </tr>
                            <Expand setExpandHeight={[Function: bound setExpandHeight]} colSpan={3}>
                              <tr>
                                <td style={{...}} colSpan={3}>
                                  <iframe title=\\"scroll\\" style={{...}} />
                                  <div>
                                    {&quot;id&quot;:&quot;id5&quot;,&quot;firstName&quot;:&quot;first&quot;,&quot;lastName&quot;:&quot;last&quot;}
                                  </div>
                                </td>
                              </tr>
                            </Expand>
                          </ShineoutTr>
                          <ShineoutTr lazy={false} onBodyRender={[Function: bound handleColgroup]} resize={false} onChange={[undefined]} rawData={{...}} onSortChange={[Function: bound handleSortChange]} treeColumnsName={[undefined]} externalExpandRender={[undefined]} externalExpandClick={[undefined]} distinct={true} limit={0} initValidate={false} datum={{...}} bindWrapper={[Function: bound bindWrapper]} resetFixAuto={[Function: bound resetAutoFixedState]} className=\\"\\" type=\\"default\\" rowsInView={10} loading={[undefined]} height={[undefined]} striped={[undefined]} bordered={[undefined]} index={6} originKey=\\"id6\\" data={{...}} rowData={{...}} columns={{...}} rowKey=\\"id6\\" onExpand={[Function: bound handleExpand]} expandRender={[Function]} rowClickAttr={{...}}>
                            <tr onClick={[Function: bound handleRowClick]} className=\\"so-table-normal\\">
                              <Td lazy={false} onBodyRender={[Function: bound handleColgroup]} resize={false} onChange={[undefined]} rawData={{...}} onSortChange={[Function: bound handleSortChange]} treeColumnsName={[undefined]} externalExpandRender={[undefined]} externalExpandClick={[undefined]} distinct={true} limit={0} initValidate={false} datum={{...}} bindWrapper={[Function: bound bindWrapper]} resetFixAuto={[Function: bound resetAutoFixedState]} className={[undefined]} type={[undefined]} rowsInView={10} loading={[undefined]} height={[undefined]} bordered={[undefined]} originKey=\\"id6\\" rowKey=\\"id6\\" onExpand={[Function: bound handleExpand]} rowClickAttr={{...}} expanded={true} treeExpand={false} treeExpandShow={false} expandClick={[undefined]} style={{...}} fixed=\\"\\" firstFixed={[undefined]} lastFixed={[undefined]} align=\\"left\\" render=\\"id\\" index={6} data={{...}} expandKeys={[undefined]} colSpan={1}>
                                <td style={{...}} className=\\"\\" rowSpan={[undefined]} colSpan={1}>
                                  id6
                                </td>
                              </Td>
                              <Td lazy={false} onBodyRender={[Function: bound handleColgroup]} resize={false} onChange={[undefined]} rawData={{...}} onSortChange={[Function: bound handleSortChange]} treeColumnsName={[undefined]} externalExpandRender={[undefined]} externalExpandClick={[undefined]} distinct={true} limit={0} initValidate={false} datum={{...}} bindWrapper={[Function: bound bindWrapper]} resetFixAuto={[Function: bound resetAutoFixedState]} className={[undefined]} type=\\"row-expand\\" rowsInView={10} loading={[undefined]} height={[undefined]} bordered={[undefined]} originKey=\\"id6\\" rowKey=\\"id6\\" onExpand={[Function: bound handleExpand]} rowClickAttr={{...}} expanded={true} treeExpand={false} treeExpandShow={false} expandClick={[undefined]} style={{...}} fixed=\\"\\" firstFixed={[undefined]} lastFixed={[undefined]} align=\\"left\\" render={[Function: render]} index={6} data={{...}} expandKeys={[undefined]} colSpan={1}>
                                <td style={{...}} className=\\"so-table-checkbox\\" rowSpan={[undefined]} colSpan={1}>
                                  <span className=\\"so-table-expand-indicator so-table-icon-expand-sub\\" onClick={[Function: bound handleExpandClick]} />
                                </td>
                              </Td>
                              <Td lazy={false} onBodyRender={[Function: bound handleColgroup]} resize={false} onChange={[undefined]} rawData={{...}} onSortChange={[Function: bound handleSortChange]} treeColumnsName={[undefined]} externalExpandRender={[undefined]} externalExpandClick={[undefined]} distinct={true} limit={0} initValidate={false} datum={{...}} bindWrapper={[Function: bound bindWrapper]} resetFixAuto={[Function: bound resetAutoFixedState]} className={[undefined]} type={[undefined]} rowsInView={10} loading={[undefined]} height={[undefined]} bordered={[undefined]} originKey=\\"id6\\" rowKey=\\"id6\\" onExpand={[Function: bound handleExpand]} rowClickAttr={{...}} expanded={true} treeExpand={false} treeExpandShow={false} expandClick={[undefined]} style={{...}} fixed=\\"\\" firstFixed={[undefined]} lastFixed={[undefined]} align=\\"left\\" render={[Function: render]} index={6} data={{...}} expandKeys={[undefined]} colSpan={1}>
                                <td style={{...}} className=\\"\\" rowSpan={[undefined]} colSpan={1}>
                                  first last
                                </td>
                              </Td>
                            </tr>
                            <Expand setExpandHeight={[Function: bound setExpandHeight]} colSpan={3}>
                              <tr>
                                <td style={{...}} colSpan={3}>
                                  <iframe title=\\"scroll\\" style={{...}} />
                                  <div>
                                    {&quot;id&quot;:&quot;id6&quot;,&quot;firstName&quot;:&quot;first&quot;,&quot;lastName&quot;:&quot;last&quot;}
                                  </div>
                                </td>
                              </tr>
                            </Expand>
                          </ShineoutTr>
                          <ShineoutTr lazy={false} onBodyRender={[Function: bound handleColgroup]} resize={false} onChange={[undefined]} rawData={{...}} onSortChange={[Function: bound handleSortChange]} treeColumnsName={[undefined]} externalExpandRender={[undefined]} externalExpandClick={[undefined]} distinct={true} limit={0} initValidate={false} datum={{...}} bindWrapper={[Function: bound bindWrapper]} resetFixAuto={[Function: bound resetAutoFixedState]} className=\\"\\" type=\\"default\\" rowsInView={10} loading={[undefined]} height={[undefined]} striped={[undefined]} bordered={[undefined]} index={7} originKey=\\"id7\\" data={{...}} rowData={{...}} columns={{...}} rowKey=\\"id7\\" onExpand={[Function: bound handleExpand]} expandRender={[Function]} rowClickAttr={{...}}>
                            <tr onClick={[Function: bound handleRowClick]} className=\\"so-table-normal\\">
                              <Td lazy={false} onBodyRender={[Function: bound handleColgroup]} resize={false} onChange={[undefined]} rawData={{...}} onSortChange={[Function: bound handleSortChange]} treeColumnsName={[undefined]} externalExpandRender={[undefined]} externalExpandClick={[undefined]} distinct={true} limit={0} initValidate={false} datum={{...}} bindWrapper={[Function: bound bindWrapper]} resetFixAuto={[Function: bound resetAutoFixedState]} className={[undefined]} type={[undefined]} rowsInView={10} loading={[undefined]} height={[undefined]} bordered={[undefined]} originKey=\\"id7\\" rowKey=\\"id7\\" onExpand={[Function: bound handleExpand]} rowClickAttr={{...}} expanded={true} treeExpand={false} treeExpandShow={false} expandClick={[undefined]} style={{...}} fixed=\\"\\" firstFixed={[undefined]} lastFixed={[undefined]} align=\\"left\\" render=\\"id\\" index={7} data={{...}} expandKeys={[undefined]} colSpan={1}>
                                <td style={{...}} className=\\"\\" rowSpan={[undefined]} colSpan={1}>
                                  id7
                                </td>
                              </Td>
                              <Td lazy={false} onBodyRender={[Function: bound handleColgroup]} resize={false} onChange={[undefined]} rawData={{...}} onSortChange={[Function: bound handleSortChange]} treeColumnsName={[undefined]} externalExpandRender={[undefined]} externalExpandClick={[undefined]} distinct={true} limit={0} initValidate={false} datum={{...}} bindWrapper={[Function: bound bindWrapper]} resetFixAuto={[Function: bound resetAutoFixedState]} className={[undefined]} type=\\"row-expand\\" rowsInView={10} loading={[undefined]} height={[undefined]} bordered={[undefined]} originKey=\\"id7\\" rowKey=\\"id7\\" onExpand={[Function: bound handleExpand]} rowClickAttr={{...}} expanded={true} treeExpand={false} treeExpandShow={false} expandClick={[undefined]} style={{...}} fixed=\\"\\" firstFixed={[undefined]} lastFixed={[undefined]} align=\\"left\\" render={[Function: render]} index={7} data={{...}} expandKeys={[undefined]} colSpan={1}>
                                <td style={{...}} className=\\"so-table-checkbox\\" rowSpan={[undefined]} colSpan={1}>
                                  <span className=\\"so-table-expand-indicator so-table-icon-expand-sub\\" onClick={[Function: bound handleExpandClick]} />
                                </td>
                              </Td>
                              <Td lazy={false} onBodyRender={[Function: bound handleColgroup]} resize={false} onChange={[undefined]} rawData={{...}} onSortChange={[Function: bound handleSortChange]} treeColumnsName={[undefined]} externalExpandRender={[undefined]} externalExpandClick={[undefined]} distinct={true} limit={0} initValidate={false} datum={{...}} bindWrapper={[Function: bound bindWrapper]} resetFixAuto={[Function: bound resetAutoFixedState]} className={[undefined]} type={[undefined]} rowsInView={10} loading={[undefined]} height={[undefined]} bordered={[undefined]} originKey=\\"id7\\" rowKey=\\"id7\\" onExpand={[Function: bound handleExpand]} rowClickAttr={{...}} expanded={true} treeExpand={false} treeExpandShow={false} expandClick={[undefined]} style={{...}} fixed=\\"\\" firstFixed={[undefined]} lastFixed={[undefined]} align=\\"left\\" render={[Function: render]} index={7} data={{...}} expandKeys={[undefined]} colSpan={1}>
                                <td style={{...}} className=\\"\\" rowSpan={[undefined]} colSpan={1}>
                                  first last
                                </td>
                              </Td>
                            </tr>
                            <Expand setExpandHeight={[Function: bound setExpandHeight]} colSpan={3}>
                              <tr>
                                <td style={{...}} colSpan={3}>
                                  <iframe title=\\"scroll\\" style={{...}} />
                                  <div>
                                    {&quot;id&quot;:&quot;id7&quot;,&quot;firstName&quot;:&quot;first&quot;,&quot;lastName&quot;:&quot;last&quot;}
                                  </div>
                                </td>
                              </tr>
                            </Expand>
                          </ShineoutTr>
                          <ShineoutTr lazy={false} onBodyRender={[Function: bound handleColgroup]} resize={false} onChange={[undefined]} rawData={{...}} onSortChange={[Function: bound handleSortChange]} treeColumnsName={[undefined]} externalExpandRender={[undefined]} externalExpandClick={[undefined]} distinct={true} limit={0} initValidate={false} datum={{...}} bindWrapper={[Function: bound bindWrapper]} resetFixAuto={[Function: bound resetAutoFixedState]} className=\\"\\" type=\\"default\\" rowsInView={10} loading={[undefined]} height={[undefined]} striped={[undefined]} bordered={[undefined]} index={8} originKey=\\"id8\\" data={{...}} rowData={{...}} columns={{...}} rowKey=\\"id8\\" onExpand={[Function: bound handleExpand]} expandRender={[Function]} rowClickAttr={{...}}>
                            <tr onClick={[Function: bound handleRowClick]} className=\\"so-table-normal\\">
                              <Td lazy={false} onBodyRender={[Function: bound handleColgroup]} resize={false} onChange={[undefined]} rawData={{...}} onSortChange={[Function: bound handleSortChange]} treeColumnsName={[undefined]} externalExpandRender={[undefined]} externalExpandClick={[undefined]} distinct={true} limit={0} initValidate={false} datum={{...}} bindWrapper={[Function: bound bindWrapper]} resetFixAuto={[Function: bound resetAutoFixedState]} className={[undefined]} type={[undefined]} rowsInView={10} loading={[undefined]} height={[undefined]} bordered={[undefined]} originKey=\\"id8\\" rowKey=\\"id8\\" onExpand={[Function: bound handleExpand]} rowClickAttr={{...}} expanded={true} treeExpand={false} treeExpandShow={false} expandClick={[undefined]} style={{...}} fixed=\\"\\" firstFixed={[undefined]} lastFixed={[undefined]} align=\\"left\\" render=\\"id\\" index={8} data={{...}} expandKeys={[undefined]} colSpan={1}>
                                <td style={{...}} className=\\"\\" rowSpan={[undefined]} colSpan={1}>
                                  id8
                                </td>
                              </Td>
                              <Td lazy={false} onBodyRender={[Function: bound handleColgroup]} resize={false} onChange={[undefined]} rawData={{...}} onSortChange={[Function: bound handleSortChange]} treeColumnsName={[undefined]} externalExpandRender={[undefined]} externalExpandClick={[undefined]} distinct={true} limit={0} initValidate={false} datum={{...}} bindWrapper={[Function: bound bindWrapper]} resetFixAuto={[Function: bound resetAutoFixedState]} className={[undefined]} type=\\"row-expand\\" rowsInView={10} loading={[undefined]} height={[undefined]} bordered={[undefined]} originKey=\\"id8\\" rowKey=\\"id8\\" onExpand={[Function: bound handleExpand]} rowClickAttr={{...}} expanded={true} treeExpand={false} treeExpandShow={false} expandClick={[undefined]} style={{...}} fixed=\\"\\" firstFixed={[undefined]} lastFixed={[undefined]} align=\\"left\\" render={[Function: render]} index={8} data={{...}} expandKeys={[undefined]} colSpan={1}>
                                <td style={{...}} className=\\"so-table-checkbox\\" rowSpan={[undefined]} colSpan={1}>
                                  <span className=\\"so-table-expand-indicator so-table-icon-expand-sub\\" onClick={[Function: bound handleExpandClick]} />
                                </td>
                              </Td>
                              <Td lazy={false} onBodyRender={[Function: bound handleColgroup]} resize={false} onChange={[undefined]} rawData={{...}} onSortChange={[Function: bound handleSortChange]} treeColumnsName={[undefined]} externalExpandRender={[undefined]} externalExpandClick={[undefined]} distinct={true} limit={0} initValidate={false} datum={{...}} bindWrapper={[Function: bound bindWrapper]} resetFixAuto={[Function: bound resetAutoFixedState]} className={[undefined]} type={[undefined]} rowsInView={10} loading={[undefined]} height={[undefined]} bordered={[undefined]} originKey=\\"id8\\" rowKey=\\"id8\\" onExpand={[Function: bound handleExpand]} rowClickAttr={{...}} expanded={true} treeExpand={false} treeExpandShow={false} expandClick={[undefined]} style={{...}} fixed=\\"\\" firstFixed={[undefined]} lastFixed={[undefined]} align=\\"left\\" render={[Function: render]} index={8} data={{...}} expandKeys={[undefined]} colSpan={1}>
                                <td style={{...}} className=\\"\\" rowSpan={[undefined]} colSpan={1}>
                                  first last
                                </td>
                              </Td>
                            </tr>
                            <Expand setExpandHeight={[Function: bound setExpandHeight]} colSpan={3}>
                              <tr>
                                <td style={{...}} colSpan={3}>
                                  <iframe title=\\"scroll\\" style={{...}} />
                                  <div>
                                    {&quot;id&quot;:&quot;id8&quot;,&quot;firstName&quot;:&quot;first&quot;,&quot;lastName&quot;:&quot;last&quot;}
                                  </div>
                                </td>
                              </tr>
                            </Expand>
                          </ShineoutTr>
                          <ShineoutTr lazy={false} onBodyRender={[Function: bound handleColgroup]} resize={false} onChange={[undefined]} rawData={{...}} onSortChange={[Function: bound handleSortChange]} treeColumnsName={[undefined]} externalExpandRender={[undefined]} externalExpandClick={[undefined]} distinct={true} limit={0} initValidate={false} datum={{...}} bindWrapper={[Function: bound bindWrapper]} resetFixAuto={[Function: bound resetAutoFixedState]} className=\\"\\" type=\\"default\\" rowsInView={10} loading={[undefined]} height={[undefined]} striped={[undefined]} bordered={[undefined]} index={9} originKey=\\"id9\\" data={{...}} rowData={{...}} columns={{...}} rowKey=\\"id9\\" onExpand={[Function: bound handleExpand]} expandRender={[Function]} rowClickAttr={{...}}>
                            <tr onClick={[Function: bound handleRowClick]} className=\\"so-table-normal\\">
                              <Td lazy={false} onBodyRender={[Function: bound handleColgroup]} resize={false} onChange={[undefined]} rawData={{...}} onSortChange={[Function: bound handleSortChange]} treeColumnsName={[undefined]} externalExpandRender={[undefined]} externalExpandClick={[undefined]} distinct={true} limit={0} initValidate={false} datum={{...}} bindWrapper={[Function: bound bindWrapper]} resetFixAuto={[Function: bound resetAutoFixedState]} className={[undefined]} type={[undefined]} rowsInView={10} loading={[undefined]} height={[undefined]} bordered={[undefined]} originKey=\\"id9\\" rowKey=\\"id9\\" onExpand={[Function: bound handleExpand]} rowClickAttr={{...}} expanded={true} treeExpand={false} treeExpandShow={false} expandClick={[undefined]} style={{...}} fixed=\\"\\" firstFixed={[undefined]} lastFixed={[undefined]} align=\\"left\\" render=\\"id\\" index={9} data={{...}} expandKeys={[undefined]} colSpan={1}>
                                <td style={{...}} className=\\"\\" rowSpan={[undefined]} colSpan={1}>
                                  id9
                                </td>
                              </Td>
                              <Td lazy={false} onBodyRender={[Function: bound handleColgroup]} resize={false} onChange={[undefined]} rawData={{...}} onSortChange={[Function: bound handleSortChange]} treeColumnsName={[undefined]} externalExpandRender={[undefined]} externalExpandClick={[undefined]} distinct={true} limit={0} initValidate={false} datum={{...}} bindWrapper={[Function: bound bindWrapper]} resetFixAuto={[Function: bound resetAutoFixedState]} className={[undefined]} type=\\"row-expand\\" rowsInView={10} loading={[undefined]} height={[undefined]} bordered={[undefined]} originKey=\\"id9\\" rowKey=\\"id9\\" onExpand={[Function: bound handleExpand]} rowClickAttr={{...}} expanded={true} treeExpand={false} treeExpandShow={false} expandClick={[undefined]} style={{...}} fixed=\\"\\" firstFixed={[undefined]} lastFixed={[undefined]} align=\\"left\\" render={[Function: render]} index={9} data={{...}} expandKeys={[undefined]} colSpan={1}>
                                <td style={{...}} className=\\"so-table-checkbox\\" rowSpan={[undefined]} colSpan={1}>
                                  <span className=\\"so-table-expand-indicator so-table-icon-expand-sub\\" onClick={[Function: bound handleExpandClick]} />
                                </td>
                              </Td>
                              <Td lazy={false} onBodyRender={[Function: bound handleColgroup]} resize={false} onChange={[undefined]} rawData={{...}} onSortChange={[Function: bound handleSortChange]} treeColumnsName={[undefined]} externalExpandRender={[undefined]} externalExpandClick={[undefined]} distinct={true} limit={0} initValidate={false} datum={{...}} bindWrapper={[Function: bound bindWrapper]} resetFixAuto={[Function: bound resetAutoFixedState]} className={[undefined]} type={[undefined]} rowsInView={10} loading={[undefined]} height={[undefined]} bordered={[undefined]} originKey=\\"id9\\" rowKey=\\"id9\\" onExpand={[Function: bound handleExpand]} rowClickAttr={{...}} expanded={true} treeExpand={false} treeExpandShow={false} expandClick={[undefined]} style={{...}} fixed=\\"\\" firstFixed={[undefined]} lastFixed={[undefined]} align=\\"left\\" render={[Function: render]} index={9} data={{...}} expandKeys={[undefined]} colSpan={1}>
                                <td style={{...}} className=\\"\\" rowSpan={[undefined]} colSpan={1}>
                                  first last
                                </td>
                              </Td>
                            </tr>
                            <Expand setExpandHeight={[Function: bound setExpandHeight]} colSpan={3}>
                              <tr>
                                <td style={{...}} colSpan={3}>
                                  <iframe title=\\"scroll\\" style={{...}} />
                                  <div>
                                    {&quot;id&quot;:&quot;id9&quot;,&quot;firstName&quot;:&quot;first&quot;,&quot;lastName&quot;:&quot;last&quot;}
                                  </div>
                                </td>
                              </tr>
                            </Expand>
                          </ShineoutTr>
                        </tbody>
                      </Tbody>
                    </table>
                  </div>
                </SimpleTable>
              </div>
            </Table>
          </_class>
        </Component>
      </_class>
    </_class>
  </Component>
</ShineoutTable>"
`;
